Component: ARM Compiler 5.06 update 6 (build 750) Tool: armlink [4d35ed]

==============================================================================

Section Cross References

    main.o(i.main) refers to key.o(i.key_init) for key_init
    main.o(i.main) refers to servo.o(i.servo_init) for servo_init
    main.o(i.main) refers to uart.o(i.USART_Configuration) for USART_Configuration
    main.o(i.main) refers to nvic.o(i.NVIC_Configuration) for NVIC_Configuration
    main.o(i.main) refers to mb_communication_protocol.o(i.mb_communication_init_t) for mb_communication_init_t
    main.o(i.main) refers to mb_communication_protocol.o(i.mb_communication_register_callback_t) for mb_communication_register_callback_t
    main.o(i.main) refers to key.o(i.is_key_pressed) for is_key_pressed
    main.o(i.main) refers to servo.o(i.set_servo) for set_servo
    main.o(i.main) refers to main.o(i.protocol_check) for protocol_check
    main.o(i.protocol_check) refers to servo.o(i.set_servo) for set_servo
    nvic.o(i.NVIC_Configuration) refers to misc.o(i.NVIC_SetVectorTable) for NVIC_SetVectorTable
    nvic.o(i.NVIC_Configuration) refers to misc.o(i.NVIC_PriorityGroupConfig) for NVIC_PriorityGroupConfig
    nvic.o(i.NVIC_Configuration) refers to misc.o(i.NVIC_Init) for NVIC_Init
    timer.o(i.TIM1_Configuration) refers to stm32f10x_rcc.o(i.RCC_APB1PeriphClockCmd) for RCC_APB1PeriphClockCmd
    timer.o(i.TIM1_Configuration) refers to stm32f10x_tim.o(i.TIM_TimeBaseInit) for TIM_TimeBaseInit
    timer.o(i.TIM1_Configuration) refers to stm32f10x_tim.o(i.TIM_PrescalerConfig) for TIM_PrescalerConfig
    timer.o(i.TIM1_Configuration) refers to stm32f10x_tim.o(i.TIM_OC1Init) for TIM_OC1Init
    timer.o(i.TIM1_Configuration) refers to stm32f10x_tim.o(i.TIM_OC1PreloadConfig) for TIM_OC1PreloadConfig
    timer.o(i.TIM1_Configuration) refers to stm32f10x_tim.o(i.TIM_ITConfig) for TIM_ITConfig
    timer.o(i.TIM1_Configuration) refers to stm32f10x_tim.o(i.TIM_Cmd) for TIM_Cmd
    timer.o(i.TIM2_PWM_Init) refers to stm32f10x_rcc.o(i.RCC_APB1PeriphClockCmd) for RCC_APB1PeriphClockCmd
    timer.o(i.TIM2_PWM_Init) refers to stm32f10x_rcc.o(i.RCC_APB2PeriphClockCmd) for RCC_APB2PeriphClockCmd
    timer.o(i.TIM2_PWM_Init) refers to stm32f10x_gpio.o(i.GPIO_Init) for GPIO_Init
    timer.o(i.TIM2_PWM_Init) refers to stm32f10x_gpio.o(i.GPIO_PinRemapConfig) for GPIO_PinRemapConfig
    timer.o(i.TIM2_PWM_Init) refers to stm32f10x_tim.o(i.TIM_TimeBaseInit) for TIM_TimeBaseInit
    timer.o(i.TIM2_PWM_Init) refers to stm32f10x_tim.o(i.TIM_OC1Init) for TIM_OC1Init
    timer.o(i.TIM2_PWM_Init) refers to stm32f10x_tim.o(i.TIM_OC2Init) for TIM_OC2Init
    timer.o(i.TIM2_PWM_Init) refers to stm32f10x_tim.o(i.TIM_OC3Init) for TIM_OC3Init
    timer.o(i.TIM2_PWM_Init) refers to stm32f10x_tim.o(i.TIM_OC4Init) for TIM_OC4Init
    timer.o(i.TIM2_PWM_Init) refers to stm32f10x_tim.o(i.TIM_OC2PreloadConfig) for TIM_OC2PreloadConfig
    timer.o(i.TIM2_PWM_Init) refers to stm32f10x_tim.o(i.TIM_Cmd) for TIM_Cmd
    timer.o(i.TIM3_Configuration) refers to stm32f10x_rcc.o(i.RCC_APB1PeriphClockCmd) for RCC_APB1PeriphClockCmd
    timer.o(i.TIM3_Configuration) refers to stm32f10x_tim.o(i.TIM_TimeBaseInit) for TIM_TimeBaseInit
    timer.o(i.TIM3_Configuration) refers to stm32f10x_tim.o(i.TIM_PrescalerConfig) for TIM_PrescalerConfig
    timer.o(i.TIM3_Configuration) refers to stm32f10x_tim.o(i.TIM_OC1Init) for TIM_OC1Init
    timer.o(i.TIM3_Configuration) refers to stm32f10x_tim.o(i.TIM_OC1PreloadConfig) for TIM_OC1PreloadConfig
    timer.o(i.TIM3_Configuration) refers to stm32f10x_tim.o(i.TIM_ITConfig) for TIM_ITConfig
    timer.o(i.TIM3_Configuration) refers to stm32f10x_tim.o(i.TIM_Cmd) for TIM_Cmd
    timer.o(i.TIM3_Configuration) refers to timer.o(.data) for CCR1_Val
    timer.o(i.TIM3_IRQHandler) refers to stm32f10x_tim.o(i.TIM_GetITStatus) for TIM_GetITStatus
    timer.o(i.TIM3_IRQHandler) refers to stm32f10x_tim.o(i.TIM_ClearITPendingBit) for TIM_ClearITPendingBit
    timer.o(i.TIM3_IRQHandler) refers to motor.o(i.sweep_motor_control) for sweep_motor_control
    timer.o(i.TIM3_PWM_Init) refers to stm32f10x_rcc.o(i.RCC_APB1PeriphClockCmd) for RCC_APB1PeriphClockCmd
    timer.o(i.TIM3_PWM_Init) refers to stm32f10x_rcc.o(i.RCC_APB2PeriphClockCmd) for RCC_APB2PeriphClockCmd
    timer.o(i.TIM3_PWM_Init) refers to stm32f10x_gpio.o(i.GPIO_Init) for GPIO_Init
    timer.o(i.TIM3_PWM_Init) refers to stm32f10x_gpio.o(i.GPIO_PinRemapConfig) for GPIO_PinRemapConfig
    timer.o(i.TIM3_PWM_Init) refers to stm32f10x_tim.o(i.TIM_TimeBaseInit) for TIM_TimeBaseInit
    timer.o(i.TIM3_PWM_Init) refers to stm32f10x_tim.o(i.TIM_OC1Init) for TIM_OC1Init
    timer.o(i.TIM3_PWM_Init) refers to stm32f10x_tim.o(i.TIM_OC2Init) for TIM_OC2Init
    timer.o(i.TIM3_PWM_Init) refers to stm32f10x_tim.o(i.TIM_OC3Init) for TIM_OC3Init
    timer.o(i.TIM3_PWM_Init) refers to stm32f10x_tim.o(i.TIM_OC4Init) for TIM_OC4Init
[...]
    ../clib/stdlib.c                         0x00000000   Number         0  exit.o ABSOLUTE
    ../fplib/d2f.s                           0x00000000   Number         0  d2f.o ABSOLUTE
    ../fplib/daddsub.s                       0x00000000   Number         0  daddsub_clz.o ABSOLUTE
    ../fplib/dcmpi.s                         0x00000000   Number         0  dcmpi.o ABSOLUTE
    ../fplib/ddiv.s                          0x00000000   Number         0  ddiv.o ABSOLUTE
    ../fplib/dfix.s                          0x00000000   Number         0  dfix.o ABSOLUTE
    ../fplib/dfixu.s                         0x00000000   Number         0  dfixu.o ABSOLUTE
    ../fplib/dflt.s                          0x00000000   Number         0  dflt_clz.o ABSOLUTE
    ../fplib/dleqf.s                         0x00000000   Number         0  dleqf.o ABSOLUTE
    ../fplib/dmul.s                          0x00000000   Number         0  dmul.o ABSOLUTE
    ../fplib/dnaninf.s                       0x00000000   Number         0  dnaninf.o ABSOLUTE
    ../fplib/dretinf.s                       0x00000000   Number         0  dretinf.o ABSOLUTE
    ../fplib/drleqf.s                        0x00000000   Number         0  drleqf.o ABSOLUTE
    ../fplib/f2d.s                           0x00000000   Number         0  f2d.o ABSOLUTE
    ../fplib/faddsub.s                       0x00000000   Number         0  faddsub_clz.o ABSOLUTE
    ../fplib/fdiv.s                          0x00000000   Number         0  fdiv.o ABSOLUTE
    ../fplib/fnaninf.s                       0x00000000   Number         0  fnaninf.o ABSOLUTE
    ../fplib/fpinit.s                        0x00000000   Number         0  fpinit.o ABSOLUTE
    ../fplib/fretinf.s                       0x00000000   Number         0  fretinf.o ABSOLUTE
    ../fplib/usenofp.s                       0x00000000   Number         0  usenofp.o ABSOLUTE
    ../mathlib/floor.c                       0x00000000   Number         0  floor.o ABSOLUTE
    C:\Keil_v5\ARM\PACK\Keil.STM32F1xx_DFP.2.2.0\Device\StdPeriph_Driver\src\misc.c 0x00000000   Number         0  misc.o ABSOLUTE
    C:\Keil_v5\ARM\PACK\Keil.STM32F1xx_DFP.2.2.0\Device\StdPeriph_Driver\src\stm32f10x_gpio.c 0x00000000   Number         0  stm32f10x_gpio.o ABSOLUTE
    C:\Keil_v5\ARM\PACK\Keil.STM32F1xx_DFP.2.2.0\Device\StdPeriph_Driver\src\stm32f10x_rcc.c 0x00000000   Number         0  stm32f10x_rcc.o ABSOLUTE
    C:\Keil_v5\ARM\PACK\Keil.STM32F1xx_DFP.2.2.0\Device\StdPeriph_Driver\src\stm32f10x_tim.c 0x00000000   Number         0  stm32f10x_tim.o ABSOLUTE
    C:\Keil_v5\ARM\PACK\Keil.STM32F1xx_DFP.2.2.0\Device\StdPeriph_Driver\src\stm32f10x_usart.c 0x00000000   Number         0  stm32f10x_usart.o ABSOLUTE
    C:\Keil_v5\ARM\PACK\Keil.STM32F1xx_DFP.2.2.0\RTE_Driver\DMA_STM32F10x.c 0x00000000   Number         0  dma_stm32f10x.o ABSOLUTE
    C:\Keil_v5\ARM\PACK\Keil.STM32F1xx_DFP.2.2.0\RTE_Driver\GPIO_STM32F10x.c 0x00000000   Number         0  gpio_stm32f10x.o ABSOLUTE
    C:\\Keil_v5\\ARM\\PACK\\Keil.STM32F1xx_DFP.2.2.0\\Device\\StdPeriph_Driver\\src\\misc.c 0x00000000   Number         0  misc.o ABSOLUTE
    C:\\Keil_v5\\ARM\\PACK\\Keil.STM32F1xx_DFP.2.2.0\\Device\\StdPeriph_Driver\\src\\stm32f10x_gpio.c 0x00000000   Number         0  stm32f10x_gpio.o ABSOLUTE
    C:\\Keil_v5\\ARM\\PACK\\Keil.STM32F1xx_DFP.2.2.0\\Device\\StdPeriph_Driver\\src\\stm32f10x_rcc.c 0x00000000   Number         0  stm32f10x_rcc.o ABSOLUTE
    C:\\Keil_v5\\ARM\\PACK\\Keil.STM32F1xx_DFP.2.2.0\\Device\\StdPeriph_Driver\\src\\stm32f10x_tim.c 0x00000000   Number         0  stm32f10x_tim.o ABSOLUTE
    C:\\Keil_v5\\ARM\\PACK\\Keil.STM32F1xx_DFP.2.2.0\\Device\\StdPeriph_Driver\\src\\stm32f10x_usart.c 0x00000000   Number         0  stm32f10x_usart.o ABSOLUTE
    C:\\Keil_v5\\ARM\\PACK\\Keil.STM32F1xx_DFP.2.2.0\\RTE_Driver\\DMA_STM32F10x.c 0x00000000   Number         0  dma_stm32f10x.o ABSOLUTE
    C:\\Keil_v5\\ARM\\PACK\\Keil.STM32F1xx_DFP.2.2.0\\RTE_Driver\\GPIO_STM32F10x.c 0x00000000   Number         0  gpio_stm32f10x.o ABSOLUTE
    NVIC.c                                   0x00000000   Number         0  nvic.o ABSOLUTE
    NVIC.c                                   0x00000000   Number         0  nvic.o ABSOLUTE
    RTE\Device\STM32F107VC\startup_stm32f10x_cl.s 0x00000000   Number         0  startup_stm32f10x_cl.o ABSOLUTE
    RTE\Device\STM32F107VC\system_stm32f10x.c 0x00000000   Number         0  system_stm32f10x.o ABSOLUTE
    RTE\\Device\\STM32F107VC\\system_stm32f10x.c 0x00000000   Number         0  system_stm32f10x.o ABSOLUTE
    common.c                                 0x00000000   Number         0  common.o ABSOLUTE
    common.c                                 0x00000000   Number         0  common.o ABSOLUTE
    communication\mb_communication_package.c 0x00000000   Number         0  mb_communication_package.o ABSOLUTE
    communication\mb_communication_protocol.c 0x00000000   Number         0  mb_communication_protocol.o ABSOLUTE
    dc.s                                     0x00000000   Number         0  dc.o ABSOLUTE
    key.c                                    0x00000000   Number         0  key.o ABSOLUTE
    key.c                                    0x00000000   Number         0  key.o ABSOLUTE
    main.c                                   0x00000000   Number         0  main.o ABSOLUTE
    main.c                                   0x00000000   Number         0  main.o ABSOLUTE
    motor.c                                  0x00000000   Number         0  motor.o ABSOLUTE
    motor.c                                  0x00000000   Number         0  motor.o ABSOLUTE
    pca9685\\i2c_driver.c                    0x00000000   Number         0  i2c_driver.o ABSOLUTE
    pca9685\\pca9685_control.c               0x00000000   Number         0  pca9685_control.o ABSOLUTE
    pca9685\i2c_driver.c                     0x00000000   Number         0  i2c_driver.o ABSOLUTE
    pca9685\pca9685_control.c                0x00000000   Number         0  pca9685_control.o ABSOLUTE
    servo.c                                  0x00000000   Number         0  servo.o ABSOLUTE
    timer.c                                  0x00000000   Number         0  timer.o ABSOLUTE
    timer.c                                  0x00000000   Number         0  timer.o ABSOLUTE
    uart.c                                   0x00000000   Number         0  uart.o ABSOLUTE
    uart.c                                   0x00000000   Number         0  uart.o ABSOLUTE
    RESET                                    0x08000000   Section      336  startup_stm32f10x_cl.o(RESET)
    !!!main                                  0x08000150   Section        8  __main.o(!!!main)
    !!!scatter                               0x08000158   Section       52  __scatter.o(!!!scatter)
    !!handler_copy                           0x0800018c   Section       26  __scatter_copy.o(!!handler_copy)
    !!handler_zi                             0x080001a8   Section       28  __scatter_zi.o(!!handler_zi)
    .ARM.Collect$$libinit$$00000000          0x080001c4   Section        2  libinit.o(.ARM.Collect$$libinit$$00000000)
    .ARM.Collect$$libinit$$00000002          0x080001c6   Section        0  libinit2.o(.ARM.Collect$$libinit$$00000002)
    .ARM.Collect$$libinit$$00000004          0x080001c6   Section        0  libinit2.o(.ARM.Collect$$libinit$$00000004)
    .ARM.Collect$$libinit$$00000005          0x080001c6   Section        8  libinit2.o(.ARM.Collect$$libinit$$00000005)
    .ARM.Collect$$libinit$$0000000A          0x080001ce   Section        0  libinit2.o(.ARM.Collect$$libinit$$0000000A)
    .ARM.Collect$$libinit$$0000000C          0x080001ce   Section        0  libinit2.o(.ARM.Collect$$libinit$$0000000C)
    .ARM.Collect$$libinit$$0000000E          0x080001ce   Section        0  libinit2.o(.ARM.Collect$$libinit$$0000000E)
    .ARM.Collect$$libinit$$00000011          0x080001ce   Section        0  libinit2.o(.ARM.Collect$$libinit$$00000011)
    .ARM.Collect$$libinit$$00000013          0x080001ce   Section        0  libinit2.o(.ARM.Collect$$libinit$$00000013)
    .ARM.Collect$$libinit$$00000015          0x080001ce   Section        0  libinit2.o(.ARM.Collect$$libinit$$00000015)
    .ARM.Collect$$libinit$$00000017          0x080001ce   Section        0  libinit2.o(.ARM.Collect$$libinit$$00000017)
    .ARM.Collect$$libinit$$00000019          0x080001ce   Section        0  libinit2.o(.ARM.Collect$$libinit$$00000019)
    .ARM.Collect$$libinit$$0000001B          0x080001ce   Section        0  libinit2.o(.ARM.Collect$$libinit$$0000001B)
    .ARM.Collect$$libinit$$0000001D          0x080001ce   Section        0  libinit2.o(.ARM.Collect$$libinit$$0000001D)
    .ARM.Collect$$libinit$$0000001F          0x080001ce   Section        0  libinit2.o(.ARM.Collect$$libinit$$0000001F)
    .ARM.Collect$$libinit$$00000021          0x080001ce   Section        0  libinit2.o(.ARM.Collect$$libinit$$00000021)
    .ARM.Collect$$libinit$$00000023          0x080001ce   Section        0  libinit2.o(.ARM.Collect$$libinit$$00000023)
    .ARM.Collect$$libinit$$00000025          0x080001ce   Section        0  libinit2.o(.ARM.Collect$$libinit$$00000025)
    .ARM.Collect$$libinit$$0000002C          0x080001ce   Section        0  libinit2.o(.ARM.Collect$$libinit$$0000002C)
    .ARM.Collect$$libinit$$0000002E          0x080001ce   Section        0  libinit2.o(.ARM.Collect$$libinit$$0000002E)
    .ARM.Collect$$libinit$$00000030          0x080001ce   Section        0  libinit2.o(.ARM.Collect$$libinit$$00000030)
    .ARM.Collect$$libinit$$00000032          0x080001ce   Section        0  libinit2.o(.ARM.Collect$$libinit$$00000032)
    .ARM.Collect$$libinit$$00000033          0x080001ce   Section        2  libinit2.o(.ARM.Collect$$libinit$$00000033)
    .ARM.Collect$$libshutdown$$00000000      0x080001d0   Section        2  libshutdown.o(.ARM.Collect$$libshutdown$$00000000)
    .ARM.Collect$$libshutdown$$00000002      0x080001d2   Section        0  libshutdown2.o(.ARM.Collect$$libshutdown$$00000002)
    .ARM.Collect$$libshutdown$$00000004      0x080001d2   Section        0  libshutdown2.o(.ARM.Collect$$libshutdown$$00000004)
    .ARM.Collect$$libshutdown$$00000007      0x080001d2   Section        0  libshutdown2.o(.ARM.Collect$$libshutdown$$00000007)
    .ARM.Collect$$libshutdown$$0000000A      0x080001d2   Section        0  libshutdown2.o(.ARM.Collect$$libshutdown$$0000000A)
    .ARM.Collect$$libshutdown$$0000000C      0x080001d2   Section        0  libshutdown2.o(.ARM.Collect$$libshutdown$$0000000C)
    .ARM.Collect$$libshutdown$$0000000F      0x080001d2   Section        0  libshutdown2.o(.ARM.Collect$$libshutdown$$0000000F)
    .ARM.Collect$$libshutdown$$00000010      0x080001d2   Section        2  libshutdown2.o(.ARM.Collect$$libshutdown$$00000010)
    .ARM.Collect$$rtentry$$00000000          0x080001d4   Section        0  __rtentry.o(.ARM.Collect$$rtentry$$00000000)
    .ARM.Collect$$rtentry$$00000002          0x080001d4   Section        0  __rtentry2.o(.ARM.Collect$$rtentry$$00000002)
    .ARM.Collect$$rtentry$$00000004          0x080001d4   Section        6  __rtentry4.o(.ARM.Collect$$rtentry$$00000004)
    .ARM.Collect$$rtentry$$00000009          0x080001da   Section        0  __rtentry2.o(.ARM.Collect$$rtentry$$00000009)
    .ARM.Collect$$rtentry$$0000000A          0x080001da   Section        4  __rtentry2.o(.ARM.Collect$$rtentry$$0000000A)
    .ARM.Collect$$rtentry$$0000000C          0x080001de   Section        0  __rtentry2.o(.ARM.Collect$$rtentry$$0000000C)
    .ARM.Collect$$rtentry$$0000000D          0x080001de   Section        8  __rtentry2.o(.ARM.Collect$$rtentry$$0000000D)
    .ARM.Collect$$rtexit$$00000000           0x080001e6   Section        2  rtexit.o(.ARM.Collect$$rtexit$$00000000)
    .ARM.Collect$$rtexit$$00000002           0x080001e8   Section        0  rtexit2.o(.ARM.Collect$$rtexit$$00000002)
    .ARM.Collect$$rtexit$$00000003           0x080001e8   Section        4  rtexit2.o(.ARM.Collect$$rtexit$$00000003)
    .ARM.Collect$$rtexit$$00000004           0x080001ec   Section        6  rtexit2.o(.ARM.Collect$$rtexit$$00000004)
    .emb_text                                0x080001f4   Section        0  maybetermalloc1.o(.emb_text)
    .text                                    0x080001f4   Section       64  startup_stm32f10x_cl.o(.text)
    .text                                    0x08000234   Section        0  h1_alloc.o(.text)
    .text                                    0x08000292   Section        0  h1_free.o(.text)
    .text                                    0x080002e0   Section      138  rt_memcpy_v6.o(.text)
    .text                                    0x0800036a   Section       68  rt_memclr.o(.text)
    .text                                    0x080003ae   Section       78  rt_memclr_w.o(.text)
    .text                                    0x080003fc   Section        0  heapauxi.o(.text)
    .text                                    0x08000404   Section        8  rt_heap_descriptor_intlibspace.o(.text)
    .text                                    0x0800040c   Section        0  hguard.o(.text)
    .text                                    0x08000410   Section        0  init_alloc.o(.text)
    .text                                    0x0800049a   Section        0  h1_init.o(.text)
    .text                                    0x080004a8   Section      100  rt_memcpy_w.o(.text)
    .text                                    0x0800050c   Section        8  libspace.o(.text)
    .text                                    0x08000514   Section        0  h1_extend.o(.text)
    .text                                    0x08000548   Section        0  defsig_rtmem_outer.o(.text)
    .text                                    0x08000556   Section        2  use_no_semi.o(.text)
    .text                                    0x08000558   Section        0  indicate_semi.o(.text)
    .text                                    0x08000558   Section       74  sys_stackheap_outer.o(.text)
    .text                                    0x080005a2   Section        0  exit.o(.text)
    .text                                    0x080005b4   Section        0  defsig_exit.o(.text)
    .text                                    0x080005c0   Section        0  defsig_rtmem_inner.o(.text)
    .text                                    0x08000610   Section        0  sys_exit.o(.text)
    .text                                    0x0800061c   Section        0  defsig_general.o(.text)
    .text                                    0x0800064e   Section        0  sys_wrch.o(.text)
    i.DMA1_Channel1_Event                    0x0800065c   Section        0  dma_stm32f10x.o(i.DMA1_Channel1_Event)
    i.DMA1_Channel1_IRQHandler               0x08000660   Section        0  dma_stm32f10x.o(i.DMA1_Channel1_IRQHandler)
    i.DMA1_Channel2_Event                    0x0800067c   Section        0  dma_stm32f10x.o(i.DMA1_Channel2_Event)
    i.DMA1_Channel2_IRQHandler               0x08000680   Section        0  dma_stm32f10x.o(i.DMA1_Channel2_IRQHandler)
    i.DMA1_Channel3_Event                    0x0800069c   Section        0  dma_stm32f10x.o(i.DMA1_Channel3_Event)
    i.DMA1_Channel3_IRQHandler               0x080006a0   Section        0  dma_stm32f10x.o(i.DMA1_Channel3_IRQHandler)
    i.DMA1_Channel4_Event                    0x080006bc   Section        0  dma_stm32f10x.o(i.DMA1_Channel4_Event)
    i.DMA1_Channel4_IRQHandler               0x080006c0   Section        0  dma_stm32f10x.o(i.DMA1_Channel4_IRQHandler)
    i.DMA1_Channel5_Event                    0x080006dc   Section        0  dma_stm32f10x.o(i.DMA1_Channel5_Event)
    i.DMA1_Channel5_IRQHandler               0x080006e0   Section        0  dma_stm32f10x.o(i.DMA1_Channel5_IRQHandler)
    i.DMA1_Channel6_Event                    0x080006fc   Section        0  dma_stm32f10x.o(i.DMA1_Channel6_Event)
    i.DMA1_Channel6_IRQHandler               0x08000700   Section        0  dma_stm32f10x.o(i.DMA1_Channel6_IRQHandler)
    i.DMA1_Channel7_Event                    0x0800071c   Section        0  dma_stm32f10x.o(i.DMA1_Channel7_Event)
    i.DMA1_Channel7_IRQHandler               0x08000720   Section        0  dma_stm32f10x.o(i.DMA1_Channel7_IRQHandler)
    i.DMA2_Channel1_Event                    0x0800073c   Section        0  dma_stm32f10x.o(i.DMA2_Channel1_Event)
    i.DMA2_Channel1_IRQHandler               0x08000740   Section        0  dma_stm32f10x.o(i.DMA2_Channel1_IRQHandler)
    i.DMA2_Channel2_Event                    0x0800075c   Section        0  dma_stm32f10x.o(i.DMA2_Channel2_Event)
    i.DMA2_Channel2_IRQHandler               0x08000760   Section        0  dma_stm32f10x.o(i.DMA2_Channel2_IRQHandler)
    i.DMA2_Channel3_Event                    0x08000780   Section        0  dma_stm32f10x.o(i.DMA2_Channel3_Event)
    i.DMA2_Channel3_IRQHandler               0x08000784   Section        0  dma_stm32f10x.o(i.DMA2_Channel3_IRQHandler)
    i.DMA2_Channel5_Event                    0x080007a4   Section        0  dma_stm32f10x.o(i.DMA2_Channel5_Event)
    i.DMA2_Channel5_IRQHandler               0x080007a8   Section        0  dma_stm32f10x.o(i.DMA2_Channel5_IRQHandler)
    i.GPIO_GetPortClockState                 0x080007c8   Section        0  gpio_stm32f10x.o(i.GPIO_GetPortClockState)
    i.GPIO_Init                              0x08000860   Section        0  stm32f10x_gpio.o(i.GPIO_Init)
    i.GPIO_PinConfigure                      0x08000976   Section        0  gpio_stm32f10x.o(i.GPIO_PinConfigure)
    i.GPIO_PortClock                         0x080009f0   Section        0  gpio_stm32f10x.o(i.GPIO_PortClock)
    i.GPIO_ReadInputDataBit                  0x08000b2c   Section        0  stm32f10x_gpio.o(i.GPIO_ReadInputDataBit)
    i.GPIO_ResetBits                         0x08000b3e   Section        0  stm32f10x_gpio.o(i.GPIO_ResetBits)
    i.GPIO_SetBits                           0x08000b42   Section        0  stm32f10x_gpio.o(i.GPIO_SetBits)
    i.I2C_DRIVER_Ack                         0x08000b48   Section        0  i2c_driver.o(i.I2C_DRIVER_Ack)
    I2C_DRIVER_Ack                           0x08000b49   Thumb Code    60  i2c_driver.o(i.I2C_DRIVER_Ack)
    i.I2C_DRIVER_Init_GPIO                   0x08000b88   Section        0  i2c_driver.o(i.I2C_DRIVER_Init_GPIO)
    i.I2C_DRIVER_NAck                        0x08000bc8   Section        0  i2c_driver.o(i.I2C_DRIVER_NAck)
    I2C_DRIVER_NAck                          0x08000bc9   Thumb Code    60  i2c_driver.o(i.I2C_DRIVER_NAck)
    i.I2C_DRIVER_Read_Byte                   0x08000c08   Section        0  i2c_driver.o(i.I2C_DRIVER_Read_Byte)
    i.I2C_DRIVER_Read_Bytes                  0x08000c68   Section        0  i2c_driver.o(i.I2C_DRIVER_Read_Bytes)
    i.I2C_DRIVER_SDA_IN                      0x08000cd0   Section        0  i2c_driver.o(i.I2C_DRIVER_SDA_IN)
    I2C_DRIVER_SDA_IN                        0x08000cd1   Thumb Code    26  i2c_driver.o(i.I2C_DRIVER_SDA_IN)
    i.I2C_DRIVER_SDA_OUT                     0x08000cf0   Section        0  i2c_driver.o(i.I2C_DRIVER_SDA_OUT)
    I2C_DRIVER_SDA_OUT                       0x08000cf1   Thumb Code    32  i2c_driver.o(i.I2C_DRIVER_SDA_OUT)
    i.I2C_DRIVER_Send_Byte                   0x08000d14   Section        0  i2c_driver.o(i.I2C_DRIVER_Send_Byte)
    i.I2C_DRIVER_Start                       0x08000d7c   Section        0  i2c_driver.o(i.I2C_DRIVER_Start)
    I2C_DRIVER_Start                         0x08000d7d   Thumb Code    60  i2c_driver.o(i.I2C_DRIVER_Start)
    i.I2C_DRIVER_Stop                        0x08000dbc   Section        0  i2c_driver.o(i.I2C_DRIVER_Stop)
    I2C_DRIVER_Stop                          0x08000dbd   Thumb Code    60  i2c_driver.o(i.I2C_DRIVER_Stop)
    i.I2C_DRIVER_Wait_Ack                    0x08000dfc   Section        0  i2c_driver.o(i.I2C_DRIVER_Wait_Ack)
    I2C_DRIVER_Wait_Ack                      0x08000dfd   Thumb Code    70  i2c_driver.o(i.I2C_DRIVER_Wait_Ack)
    i.I2C_DRIVER_Write_Bytes                 0x08000e48   Section        0  i2c_driver.o(i.I2C_DRIVER_Write_Bytes)
    i.NVIC_Configuration                     0x08000e8c   Section        0  nvic.o(i.NVIC_Configuration)
    i.NVIC_Init                              0x08000ec0   Section        0  misc.o(i.NVIC_Init)
    i.NVIC_PriorityGroupConfig               0x08000f30   Section        0  misc.o(i.NVIC_PriorityGroupConfig)
    i.NVIC_SetVectorTable                    0x08000f44   Section        0  misc.o(i.NVIC_SetVectorTable)
    i.PCA9685_read                           0x08000f58   Section        0  pca9685_control.o(i.PCA9685_read)
    PCA9685_read                             0x08000f59   Thumb Code    28  pca9685_control.o(i.PCA9685_read)
    i.PCA9685_write                          0x08000f74   Section        0  pca9685_control.o(i.PCA9685_write)
    PCA9685_write                            0x08000f75   Thumb Code    20  pca9685_control.o(i.PCA9685_write)
    i.PCA9685_write_reg16                    0x08000f88   Section        0  pca9685_control.o(i.PCA9685_write_reg16)
    PCA9685_write_reg16                      0x08000f89   Thumb Code    20  pca9685_control.o(i.PCA9685_write_reg16)
    i.RCC_APB2PeriphClockCmd                 0x08000f9c   Section        0  stm32f10x_rcc.o(i.RCC_APB2PeriphClockCmd)
    i.RCC_GetClocksFreq                      0x08000fbc   Section        0  stm32f10x_rcc.o(i.RCC_GetClocksFreq)
    i.SetSysClock                            0x0800114c   Section        0  system_stm32f10x.o(i.SetSysClock)
    SetSysClock                              0x0800114d   Thumb Code     8  system_stm32f10x.o(i.SetSysClock)
    i.SetSysClockTo72                        0x08001154   Section        0  system_stm32f10x.o(i.SetSysClockTo72)
    SetSysClockTo72                          0x08001155   Thumb Code   264  system_stm32f10x.o(i.SetSysClockTo72)
    i.SystemInit                             0x0800126c   Section        0  system_stm32f10x.o(i.SystemInit)
    i.TIM3_IRQHandler                        0x080012d8   Section        0  timer.o(i.TIM3_IRQHandler)
    i.TIM_ClearITPendingBit                  0x08001304   Section        0  stm32f10x_tim.o(i.TIM_ClearITPendingBit)
    i.TIM_GetITStatus                        0x0800130a   Section        0  stm32f10x_tim.o(i.TIM_GetITStatus)
    i.USART1_IRQHandler                      0x0800132c   Section        0  uart.o(i.USART1_IRQHandler)
    i.USART_ClearITPendingBit                0x08001370   Section        0  stm32f10x_usart.o(i.USART_ClearITPendingBit)
    i.USART_Cmd                              0x0800138e   Section        0  stm32f10x_usart.o(i.USART_Cmd)
    i.USART_Configuration                    0x080013a8   Section        0  uart.o(i.USART_Configuration)
    i.USART_GetITStatus                      0x08001448   Section        0  stm32f10x_usart.o(i.USART_GetITStatus)
    i.USART_ITConfig                         0x0800149c   Section        0  stm32f10x_usart.o(i.USART_ITConfig)
    i.USART_Init                             0x080014e8   Section        0  stm32f10x_usart.o(i.USART_Init)
    i.calculate_t_from_angle                 0x080015c0   Section        0  servo.o(i.calculate_t_from_angle)
    calculate_t_from_angle                   0x080015c1   Thumb Code    90  servo.o(i.calculate_t_from_angle)
    i.delay_ms                               0x08001624   Section        0  common.o(i.delay_ms)
    i.delay_us                               0x08001638   Section        0  common.o(i.delay_us)
    i.floor                                  0x080016d8   Section        0  floor.o(i.floor)
    i.is_key_pressed                         0x080017b4   Section        0  key.o(i.is_key_pressed)
    i.key_init                               0x080017d8   Section        0  key.o(i.key_init)
    i.main                                   0x0800181c   Section        0  main.o(i.main)
    i.mb_communication_common_protocol_package_push_chars_t 0x08001884   Section        0  mb_communication_protocol.o(i.mb_communication_common_protocol_package_push_chars_t)
    mb_communication_common_protocol_package_push_chars_t 0x08001885   Thumb Code   338  mb_communication_protocol.o(i.mb_communication_common_protocol_package_push_chars_t)
    i.mb_communication_data_push_t           0x080019dc   Section        0  mb_communication_protocol.o(i.mb_communication_data_push_t)
    i.mb_communication_ff55_protocol_package_push_chars_t 0x080019f0   Section        0  mb_communication_protocol.o(i.mb_communication_ff55_protocol_package_push_chars_t)
    mb_communication_ff55_protocol_package_push_chars_t 0x080019f1   Thumb Code   194  mb_communication_protocol.o(i.mb_communication_ff55_protocol_package_push_chars_t)
    i.mb_communication_init_t                0x08001ab8   Section        0  mb_communication_protocol.o(i.mb_communication_init_t)
    i.mb_communication_package_add_bytes_t   0x08001ac8   Section        0  mb_communication_package.o(i.mb_communication_package_add_bytes_t)
    i.mb_communication_package_calculate_checksum_t 0x08001b04   Section        0  mb_communication_package.o(i.mb_communication_package_calculate_checksum_t)
    i.mb_communication_package_create_t      0x08001b30   Section        0  mb_communication_package.o(i.mb_communication_package_create_t)
    i.mb_communication_protocol_create_t     0x08001b6c   Section        0  mb_communication_protocol.o(i.mb_communication_protocol_create_t)
    i.mb_communication_protocol_set_default_t 0x08001c00   Section        0  mb_communication_protocol.o(i.mb_communication_protocol_set_default_t)
    mb_communication_protocol_set_default_t  0x08001c01   Thumb Code    32  mb_communication_protocol.o(i.mb_communication_protocol_set_default_t)
    i.mb_communication_register_callback_t   0x08001c20   Section        0  mb_communication_protocol.o(i.mb_communication_register_callback_t)
    i.motor_backward                         0x08001c2c   Section        0  motor.o(i.motor_backward)
    i.motor_forward                          0x08001c84   Section        0  motor.o(i.motor_forward)
    i.motor_stop                             0x08001cdc   Section        0  motor.o(i.motor_stop)
    i.pca9685_init                           0x08001d34   Section        0  pca9685_control.o(i.pca9685_init)
    i.pca9685_set_freq                       0x08001d48   Section        0  pca9685_control.o(i.pca9685_set_freq)
    i.pca9685_set_mk                         0x08001e84   Section        0  pca9685_control.o(i.pca9685_set_mk)
    i.protocol_check                         0x08001f20   Section        0  main.o(i.protocol_check)
    i.servo_init                             0x08001f5c   Section        0  servo.o(i.servo_init)
    i.set_servo                              0x08001f64   Section        0  servo.o(i.set_servo)
    i.sweep_motor_control                    0x08001f7c   Section        0  motor.o(i.sweep_motor_control)
    x$fpl$d2f                                0x08002084   Section       98  d2f.o(x$fpl$d2f)
    x$fpl$dadd                               0x080020e8   Section      336  daddsub_clz.o(x$fpl$dadd)
    _dadd1                                   0x080020f9   Thumb Code     0  daddsub_clz.o(x$fpl$dadd)
    x$fpl$dcmpinf                            0x08002238   Section       24  dcmpi.o(x$fpl$dcmpinf)
    x$fpl$ddiv                               0x08002250   Section      688  ddiv.o(x$fpl$ddiv)
    ddiv_entry                               0x08002257   Thumb Code     0  ddiv.o(x$fpl$ddiv)
    x$fpl$dfix                               0x08002500   Section       94  dfix.o(x$fpl$dfix)
    x$fpl$dfixu                              0x08002560   Section       90  dfixu.o(x$fpl$dfixu)
    x$fpl$dflt                               0x080025ba   Section       46  dflt_clz.o(x$fpl$dflt)
    x$fpl$dleqf                              0x080025e8   Section      120  dleqf.o(x$fpl$dleqf)
    x$fpl$dmul                               0x08002660   Section      340  dmul.o(x$fpl$dmul)
    x$fpl$dnaninf                            0x080027b4   Section      156  dnaninf.o(x$fpl$dnaninf)
    x$fpl$dretinf                            0x08002850   Section       12  dretinf.o(x$fpl$dretinf)
    x$fpl$drleqf                             0x0800285c   Section      108  drleqf.o(x$fpl$drleqf)
    x$fpl$drsb                               0x080028c8   Section       22  daddsub_clz.o(x$fpl$drsb)
    x$fpl$dsub                               0x080028e0   Section      468  daddsub_clz.o(x$fpl$dsub)
    _dsub1                                   0x080028f1   Thumb Code     0  daddsub_clz.o(x$fpl$dsub)
    x$fpl$f2d                                0x08002ab4   Section       86  f2d.o(x$fpl$f2d)
    x$fpl$fadd                               0x08002b0c   Section      196  faddsub_clz.o(x$fpl$fadd)
    _fadd1                                   0x08002b1b   Thumb Code     0  faddsub_clz.o(x$fpl$fadd)
    x$fpl$fdiv                               0x08002bd0   Section      388  fdiv.o(x$fpl$fdiv)
    _fdiv1                                   0x08002bd1   Thumb Code     0  fdiv.o(x$fpl$fdiv)
    x$fpl$fnaninf                            0x08002d54   Section      140  fnaninf.o(x$fpl$fnaninf)
    x$fpl$fretinf                            0x08002de0   Section       10  fretinf.o(x$fpl$fretinf)
    x$fpl$fsub                               0x08002dec   Section      234  faddsub_clz.o(x$fpl$fsub)
    _fsub1                                   0x08002dfb   Thumb Code     0  faddsub_clz.o(x$fpl$fsub)
    x$fpl$usenofp                            0x08002ed6   Section        0  usenofp.o(x$fpl$usenofp)
    .data                                    0x20000000   Section        4  key.o(.data)
    .data                                    0x20000004   Section      192  motor.o(.data)
    .data                                    0x200000c4   Section        4  mb_communication_protocol.o(.data)
    communication_protocol_group             0x200000c4   Data           4  mb_communication_protocol.o(.data)
    .data                                    0x200000c8   Section       20  stm32f10x_rcc.o(.data)
    APBAHBPrescTable                         0x200000c8   Data          16  stm32f10x_rcc.o(.data)
    ADCPrescTable                            0x200000d8   Data           4  stm32f10x_rcc.o(.data)
    .bss                                     0x200000dc   Section       32  mb_communication_protocol.o(.bss)
    frame_manager                            0x200000dc   Data          16  mb_communication_protocol.o(.bss)
    frame_manager                            0x200000ec   Data          16  mb_communication_protocol.o(.bss)
    .bss                                     0x200000fc   Section       96  libspace.o(.bss)
    HEAP                                     0x20000160   Section      512  startup_stm32f10x_cl.o(HEAP)
    Heap_Mem                                 0x20000160   Data         512  startup_stm32f10x_cl.o(HEAP)
    STACK                                    0x20000360   Section     1024  startup_stm32f10x_cl.o(STACK)
    Stack_Mem                                0x20000360   Data        1024  startup_stm32f10x_cl.o(STACK)
    __initial_sp                             0x20000760   Data           0  startup_stm32f10x_cl.o(STACK)

    Global Symbols

    Symbol Name                              Value     Ov Type        Size  Object(Section)

    BuildAttributes$$THM_ISAv4$P$D$K$B$S$PE$A:L22UL41UL21$X:L11$S22US41US21$IEEE1$IW$USESV6$~STKCKD$USESV7$~SHL$OTIME$ROPI$IEEEJ$EBA8$UX$STANDARDLIB$REQ8$PRES8$EABIv2 0x00000000   Number         0  anon$$obj.o ABSOLUTE
    __ARM_use_no_argv                        0x00000000   Number         0  main.o ABSOLUTE
    __ARM_exceptions_init                     - Undefined Weak Reference
    __alloca_initialize                       - Undefined Weak Reference
    __arm_preinit_                            - Undefined Weak Reference
    __cpp_initialize__aeabi_                  - Undefined Weak Reference
    __cxa_finalize                            - Undefined Weak Reference
    __rt_locale                               - Undefined Weak Reference
    __sigvec_lookup                           - Undefined Weak Reference
    __user_heap_extent                        - Undefined Weak Reference
    _atexit_init                              - Undefined Weak Reference
    _call_atexit_fns                          - Undefined Weak Reference
    _clock_init                               - Undefined Weak Reference
    _fp_trap_init                             - Undefined Weak Reference
    _fp_trap_shutdown                         - Undefined Weak Reference
    _get_lc_collate                           - Undefined Weak Reference
    _get_lc_ctype                             - Undefined Weak Reference
    _get_lc_monetary                          - Undefined Weak Reference
    _get_lc_numeric                           - Undefined Weak Reference
    _get_lc_time                              - Undefined Weak Reference
    _getenv_init                              - Undefined Weak Reference
    _handle_redirection                       - Undefined Weak Reference
    _initio                                   - Undefined Weak Reference
    _mutex_acquire                            - Undefined Weak Reference
    _mutex_free                               - Undefined Weak Reference
    _mutex_release                            - Undefined Weak Reference
    _rand_init                                - Undefined Weak Reference
    _signal_finish                            - Undefined Weak Reference
    _signal_init                              - Undefined Weak Reference
    _terminateio                              - Undefined Weak Reference
    __Vectors_Size                           0x00000150   Number         0  startup_stm32f10x_cl.o ABSOLUTE
    __Vectors                                0x08000000   Data           4  startup_stm32f10x_cl.o(RESET)
    __Vectors_End                            0x08000150   Data           0  startup_stm32f10x_cl.o(RESET)
    __main                                   0x08000151   Thumb Code     8  __main.o(!!!main)
    __scatterload                            0x08000159   Thumb Code     0  __scatter.o(!!!scatter)
    __scatterload_rt2                        0x08000159   Thumb Code    44  __scatter.o(!!!scatter)
    __scatterload_rt2_thumb_only             0x08000159   Thumb Code     0  __scatter.o(!!!scatter)
    __scatterload_null                       0x08000167   Thumb Code     0  __scatter.o(!!!scatter)
    __scatterload_copy                       0x0800018d   Thumb Code    26  __scatter_copy.o(!!handler_copy)
    __scatterload_zeroinit                   0x080001a9   Thumb Code    28  __scatter_zi.o(!!handler_zi)
    __rt_lib_init                            0x080001c5   Thumb Code     0  libinit.o(.ARM.Collect$$libinit$$00000000)
    __rt_lib_init_fp_1                       0x080001c7   Thumb Code     0  libinit2.o(.ARM.Collect$$libinit$$00000002)
    __rt_lib_init_heap_2                     0x080001c7   Thumb Code     0  libinit2.o(.ARM.Collect$$libinit$$00000005)
    __rt_lib_init_preinit_1                  0x080001c7   Thumb Code     0  libinit2.o(.ARM.Collect$$libinit$$00000004)
    __rt_lib_init_alloca_1                   0x080001cf   Thumb Code     0  libinit2.o(.ARM.Collect$$libinit$$0000002E)
    __rt_lib_init_argv_1                     0x080001cf   Thumb Code     0  libinit2.o(.ARM.Collect$$libinit$$0000002C)
    __rt_lib_init_atexit_1                   0x080001cf   Thumb Code     0  libinit2.o(.ARM.Collect$$libinit$$0000001B)
    __rt_lib_init_clock_1                    0x080001cf   Thumb Code     0  libinit2.o(.ARM.Collect$$libinit$$00000021)
    __rt_lib_init_cpp_1                      0x080001cf   Thumb Code     0  libinit2.o(.ARM.Collect$$libinit$$00000032)
    __rt_lib_init_exceptions_1               0x080001cf   Thumb Code     0  libinit2.o(.ARM.Collect$$libinit$$00000030)
    __rt_lib_init_fp_trap_1                  0x080001cf   Thumb Code     0  libinit2.o(.ARM.Collect$$libinit$$0000001F)
    __rt_lib_init_getenv_1                   0x080001cf   Thumb Code     0  libinit2.o(.ARM.Collect$$libinit$$00000023)
    __rt_lib_init_heap_1                     0x080001cf   Thumb Code     0  libinit2.o(.ARM.Collect$$libinit$$0000000A)
    __rt_lib_init_lc_collate_1               0x080001cf   Thumb Code     0  libinit2.o(.ARM.Collect$$libinit$$00000011)
    __rt_lib_init_lc_ctype_1                 0x080001cf   Thumb Code     0  libinit2.o(.ARM.Collect$$libinit$$00000013)
    __rt_lib_init_lc_monetary_1              0x080001cf   Thumb Code     0  libinit2.o(.ARM.Collect$$libinit$$00000015)
    __rt_lib_init_lc_numeric_1               0x080001cf   Thumb Code     0  libinit2.o(.ARM.Collect$$libinit$$00000017)
    __rt_lib_init_lc_time_1                  0x080001cf   Thumb Code     0  libinit2.o(.ARM.Collect$$libinit$$00000019)
    __rt_lib_init_rand_1                     0x080001cf   Thumb Code     0  libinit2.o(.ARM.Collect$$libinit$$0000000E)
    __rt_lib_init_return                     0x080001cf   Thumb Code     0  libinit2.o(.ARM.Collect$$libinit$$00000033)
    __rt_lib_init_signal_1                   0x080001cf   Thumb Code     0  libinit2.o(.ARM.Collect$$libinit$$0000001D)
    __rt_lib_init_stdio_1                    0x080001cf   Thumb Code     0  libinit2.o(.ARM.Collect$$libinit$$00000025)
    __rt_lib_init_user_alloc_1               0x080001cf   Thumb Code     0  libinit2.o(.ARM.Collect$$libinit$$0000000C)
    __rt_lib_shutdown                        0x080001d1   Thumb Code     0  libshutdown.o(.ARM.Collect$$libshutdown$$00000000)
    __rt_lib_shutdown_cpp_1                  0x080001d3   Thumb Code     0  libshutdown2.o(.ARM.Collect$$libshutdown$$00000002)
    __rt_lib_shutdown_fp_trap_1              0x080001d3   Thumb Code     0  libshutdown2.o(.ARM.Collect$$libshutdown$$00000007)
    __rt_lib_shutdown_heap_1                 0x080001d3   Thumb Code     0  libshutdown2.o(.ARM.Collect$$libshutdown$$0000000F)
    __rt_lib_shutdown_return                 0x080001d3   Thumb Code     0  libshutdown2.o(.ARM.Collect$$libshutdown$$00000010)
    __rt_lib_shutdown_signal_1               0x080001d3   Thumb Code     0  libshutdown2.o(.ARM.Collect$$libshutdown$$0000000A)
    __rt_lib_shutdown_stdio_1                0x080001d3   Thumb Code     0  libshutdown2.o(.ARM.Collect$$libshutdown$$00000004)
    __rt_lib_shutdown_user_alloc_1           0x080001d3   Thumb Code     0  libshutdown2.o(.ARM.Collect$$libshutdown$$0000000C)
    __rt_entry                               0x080001d5   Thumb Code     0  __rtentry.o(.ARM.Collect$$rtentry$$00000000)
    __rt_entry_presh_1                       0x080001d5   Thumb Code     0  __rtentry2.o(.ARM.Collect$$rtentry$$00000002)
    __rt_entry_sh                            0x080001d5   Thumb Code     0  __rtentry4.o(.ARM.Collect$$rtentry$$00000004)
    __rt_entry_li                            0x080001db   Thumb Code     0  __rtentry2.o(.ARM.Collect$$rtentry$$0000000A)
    __rt_entry_postsh_1                      0x080001db   Thumb Code     0  __rtentry2.o(.ARM.Collect$$rtentry$$00000009)
    __rt_entry_main                          0x080001df   Thumb Code     0  __rtentry2.o(.ARM.Collect$$rtentry$$0000000D)
    __rt_entry_postli_1                      0x080001df   Thumb Code     0  __rtentry2.o(.ARM.Collect$$rtentry$$0000000C)
    __rt_exit                                0x080001e7   Thumb Code     0  rtexit.o(.ARM.Collect$$rtexit$$00000000)
    __rt_exit_ls                             0x080001e9   Thumb Code     0  rtexit2.o(.ARM.Collect$$rtexit$$00000003)
    __rt_exit_prels_1                        0x080001e9   Thumb Code     0  rtexit2.o(.ARM.Collect$$rtexit$$00000002)
    __rt_exit_exit                           0x080001ed   Thumb Code     0  rtexit2.o(.ARM.Collect$$rtexit$$00000004)
    Reset_Handler                            0x080001f5   Thumb Code     8  startup_stm32f10x_cl.o(.text)
    _maybe_terminate_alloc                   0x080001f5   Thumb Code     0  maybetermalloc1.o(.emb_text)
    NMI_Handler                              0x080001fd   Thumb Code     2  startup_stm32f10x_cl.o(.text)
    HardFault_Handler                        0x080001ff   Thumb Code     2  startup_stm32f10x_cl.o(.text)
    MemManage_Handler                        0x08000201   Thumb Code     2  startup_stm32f10x_cl.o(.text)
    BusFault_Handler                         0x08000203   Thumb Code     2  startup_stm32f10x_cl.o(.text)
    UsageFault_Handler                       0x08000205   Thumb Code     2  startup_stm32f10x_cl.o(.text)
    SVC_Handler                              0x08000207   Thumb Code     2  startup_stm32f10x_cl.o(.text)
    DebugMon_Handler                         0x08000209   Thumb Code     2  startup_stm32f10x_cl.o(.text)
    PendSV_Handler                           0x0800020b   Thumb Code     2  startup_stm32f10x_cl.o(.text)
    SysTick_Handler                          0x0800020d   Thumb Code     2  startup_stm32f10x_cl.o(.text)
    ADC1_2_IRQHandler                        0x0800020f   Thumb Code     0  startup_stm32f10x_cl.o(.text)
    CAN1_RX0_IRQHandler                      0x0800020f   Thumb Code     0  startup_stm32f10x_cl.o(.text)
    CAN1_RX1_IRQHandler                      0x0800020f   Thumb Code     0  startup_stm32f10x_cl.o(.text)
    CAN1_SCE_IRQHandler                      0x0800020f   Thumb Code     0  startup_stm32f10x_cl.o(.text)
    CAN1_TX_IRQHandler                       0x0800020f   Thumb Code     0  startup_stm32f10x_cl.o(.text)
    CAN2_RX0_IRQHandler                      0x0800020f   Thumb Code     0  startup_stm32f10x_cl.o(.text)
    CAN2_RX1_IRQHandler                      0x0800020f   Thumb Code     0  startup_stm32f10x_cl.o(.text)
    CAN2_SCE_IRQHandler                      0x0800020f   Thumb Code     0  startup_stm32f10x_cl.o(.text)
    CAN2_TX_IRQHandler                       0x0800020f   Thumb Code     0  startup_stm32f10x_cl.o(.text)
    DMA2_Channel4_IRQHandler                 0x0800020f   Thumb Code     0  startup_stm32f10x_cl.o(.text)
    ETH_IRQHandler                           0x0800020f   Thumb Code     0  startup_stm32f10x_cl.o(.text)
    ETH_WKUP_IRQHandler                      0x0800020f   Thumb Code     0  startup_stm32f10x_cl.o(.text)
    EXTI0_IRQHandler                         0x0800020f   Thumb Code     0  startup_stm32f10x_cl.o(.text)
    EXTI15_10_IRQHandler                     0x0800020f   Thumb Code     0  startup_stm32f10x_cl.o(.text)
    EXTI1_IRQHandler                         0x0800020f   Thumb Code     0  startup_stm32f10x_cl.o(.text)
    EXTI2_IRQHandler                         0x0800020f   Thumb Code     0  startup_stm32f10x_cl.o(.text)
    EXTI3_IRQHandler                         0x0800020f   Thumb Code     0  startup_stm32f10x_cl.o(.text)
    EXTI4_IRQHandler                         0x0800020f   Thumb Code     0  startup_stm32f10x_cl.o(.text)
    EXTI9_5_IRQHandler                       0x0800020f   Thumb Code     0  startup_stm32f10x_cl.o(.text)
    FLASH_IRQHandler                         0x0800020f   Thumb Code     0  startup_stm32f10x_cl.o(.text)
    I2C1_ER_IRQHandler                       0x0800020f   Thumb Code     0  startup_stm32f10x_cl.o(.text)
    I2C1_EV_IRQHandler                       0x0800020f   Thumb Code     0  startup_stm32f10x_cl.o(.text)
    I2C2_ER_IRQHandler                       0x0800020f   Thumb Code     0  startup_stm32f10x_cl.o(.text)
    I2C2_EV_IRQHandler                       0x0800020f   Thumb Code     0  startup_stm32f10x_cl.o(.text)
    OTG_FS_IRQHandler                        0x0800020f   Thumb Code     0  startup_stm32f10x_cl.o(.text)
    OTG_FS_WKUP_IRQHandler                   0x0800020f   Thumb Code     0  startup_stm32f10x_cl.o(.text)
    PVD_IRQHandler                           0x0800020f   Thumb Code     0  startup_stm32f10x_cl.o(.text)
    RCC_IRQHandler                           0x0800020f   Thumb Code     0  startup_stm32f10x_cl.o(.text)
    RTCAlarm_IRQHandler                      0x0800020f   Thumb Code     0  startup_stm32f10x_cl.o(.text)
    RTC_IRQHandler                           0x0800020f   Thumb Code     0  startup_stm32f10x_cl.o(.text)
    SPI1_IRQHandler                          0x0800020f   Thumb Code     0  startup_stm32f10x_cl.o(.text)
    SPI2_IRQHandler                          0x0800020f   Thumb Code     0  startup_stm32f10x_cl.o(.text)
    SPI3_IRQHandler                          0x0800020f   Thumb Code     0  startup_stm32f10x_cl.o(.text)
    TAMPER_IRQHandler                        0x0800020f   Thumb Code     0  startup_stm32f10x_cl.o(.text)
    TIM1_BRK_IRQHandler                      0x0800020f   Thumb Code     0  startup_stm32f10x_cl.o(.text)
    TIM1_CC_IRQHandler                       0x0800020f   Thumb Code     0  startup_stm32f10x_cl.o(.text)
    TIM1_TRG_COM_IRQHandler                  0x0800020f   Thumb Code     0  startup_stm32f10x_cl.o(.text)
    TIM1_UP_IRQHandler                       0x0800020f   Thumb Code     0  startup_stm32f10x_cl.o(.text)
    TIM2_IRQHandler                          0x0800020f   Thumb Code     0  startup_stm32f10x_cl.o(.text)
    TIM4_IRQHandler                          0x0800020f   Thumb Code     0  startup_stm32f10x_cl.o(.text)
    TIM5_IRQHandler                          0x0800020f   Thumb Code     0  startup_stm32f10x_cl.o(.text)
    TIM6_IRQHandler                          0x0800020f   Thumb Code     0  startup_stm32f10x_cl.o(.text)
    TIM7_IRQHandler                          0x0800020f   Thumb Code     0  startup_stm32f10x_cl.o(.text)
    UART4_IRQHandler                         0x0800020f   Thumb Code     0  startup_stm32f10x_cl.o(.text)
    UART5_IRQHandler                         0x0800020f   Thumb Code     0  startup_stm32f10x_cl.o(.text)
    USART2_IRQHandler                        0x0800020f   Thumb Code     0  startup_stm32f10x_cl.o(.text)
    USART3_IRQHandler                        0x0800020f   Thumb Code     0  startup_stm32f10x_cl.o(.text)
    WWDG_IRQHandler                          0x0800020f   Thumb Code     0  startup_stm32f10x_cl.o(.text)
    __user_initial_stackheap                 0x08000211   Thumb Code     0  startup_stm32f10x_cl.o(.text)
    malloc                                   0x08000235   Thumb Code    94  h1_alloc.o(.text)
    free                                     0x08000293   Thumb Code    78  h1_free.o(.text)
    __aeabi_memcpy                           0x080002e1   Thumb Code     0  rt_memcpy_v6.o(.text)
    __rt_memcpy                              0x080002e1   Thumb Code   138  rt_memcpy_v6.o(.text)
    _memcpy_lastbytes                        0x08000347   Thumb Code     0  rt_memcpy_v6.o(.text)
    __aeabi_memclr                           0x0800036b   Thumb Code     0  rt_memclr.o(.text)
    __rt_memclr                              0x0800036b   Thumb Code    68  rt_memclr.o(.text)
    _memset                                  0x0800036f   Thumb Code     0  rt_memclr.o(.text)
    __aeabi_memclr4                          0x080003af   Thumb Code     0  rt_memclr_w.o(.text)
    __aeabi_memclr8                          0x080003af   Thumb Code     0  rt_memclr_w.o(.text)
    __rt_memclr_w                            0x080003af   Thumb Code    78  rt_memclr_w.o(.text)
    _memset_w                                0x080003b3   Thumb Code     0  rt_memclr_w.o(.text)
    __use_two_region_memory                  0x080003fd   Thumb Code     2  heapauxi.o(.text)
    __rt_heap_escrow                         0x080003ff   Thumb Code     2  heapauxi.o(.text)
    __rt_heap_expand                         0x08000401   Thumb Code     2  heapauxi.o(.text)
    __rt_heap_descriptor                     0x08000405   Thumb Code     8  rt_heap_descriptor_intlibspace.o(.text)
    __use_no_heap                            0x0800040d   Thumb Code     2  hguard.o(.text)
    __heap$guard                             0x0800040f   Thumb Code     2  hguard.o(.text)
    _terminate_user_alloc                    0x08000411   Thumb Code     2  init_alloc.o(.text)
    _init_user_alloc                         0x08000413   Thumb Code     2  init_alloc.o(.text)
    __Heap_Full                              0x08000415   Thumb Code    34  init_alloc.o(.text)
    __Heap_Broken                            0x08000437   Thumb Code     6  init_alloc.o(.text)
    _init_alloc                              0x0800043d   Thumb Code    94  init_alloc.o(.text)
    __Heap_Initialize                        0x0800049b   Thumb Code    10  h1_init.o(.text)
    __Heap_DescSize                          0x080004a5   Thumb Code     4  h1_init.o(.text)
    __aeabi_memcpy4                          0x080004a9   Thumb Code     0  rt_memcpy_w.o(.text)
    __aeabi_memcpy8                          0x080004a9   Thumb Code     0  rt_memcpy_w.o(.text)
    __rt_memcpy_w                            0x080004a9   Thumb Code   100  rt_memcpy_w.o(.text)
    _memcpy_lastbytes_aligned                0x080004f1   Thumb Code     0  rt_memcpy_w.o(.text)
    __user_libspace                          0x0800050d   Thumb Code     8  libspace.o(.text)
    __user_perproc_libspace                  0x0800050d   Thumb Code     0  libspace.o(.text)
    __user_perthread_libspace                0x0800050d   Thumb Code     0  libspace.o(.text)
    __Heap_ProvideMemory                     0x08000515   Thumb Code    52  h1_extend.o(.text)
    __rt_SIGRTMEM                            0x08000549   Thumb Code    14  defsig_rtmem_outer.o(.text)
    __I$use$semihosting                      0x08000557   Thumb Code     0  use_no_semi.o(.text)
    __use_no_semihosting_swi                 0x08000557   Thumb Code     2  use_no_semi.o(.text)
    __semihosting_library_function           0x08000559   Thumb Code     0  indicate_semi.o(.text)
    __user_setup_stackheap                   0x08000559   Thumb Code    74  sys_stackheap_outer.o(.text)
    exit                                     0x080005a3   Thumb Code    18  exit.o(.text)
    __sig_exit                               0x080005b5   Thumb Code    10  defsig_exit.o(.text)
    __rt_SIGRTMEM_inner                      0x080005c1   Thumb Code    22  defsig_rtmem_inner.o(.text)
    _sys_exit                                0x08000611   Thumb Code     8  sys_exit.o(.text)
    __default_signal_display                 0x0800061d   Thumb Code    50  defsig_general.o(.text)
    _ttywrch                                 0x0800064f   Thumb Code    14  sys_wrch.o(.text)
    DMA1_Channel1_Event                      0x0800065d   Thumb Code     2  dma_stm32f10x.o(i.DMA1_Channel1_Event)
    DMA1_Channel1_IRQHandler                 0x08000661   Thumb Code    22  dma_stm32f10x.o(i.DMA1_Channel1_IRQHandler)
    DMA1_Channel2_Event                      0x0800067d   Thumb Code     2  dma_stm32f10x.o(i.DMA1_Channel2_Event)
    DMA1_Channel2_IRQHandler                 0x08000681   Thumb Code    24  dma_stm32f10x.o(i.DMA1_Channel2_IRQHandler)
    DMA1_Channel3_Event                      0x0800069d   Thumb Code     2  dma_stm32f10x.o(i.DMA1_Channel3_Event)
    DMA1_Channel3_IRQHandler                 0x080006a1   Thumb Code    24  dma_stm32f10x.o(i.DMA1_Channel3_IRQHandler)
    DMA1_Channel4_Event                      0x080006bd   Thumb Code     2  dma_stm32f10x.o(i.DMA1_Channel4_Event)
    DMA1_Channel4_IRQHandler                 0x080006c1   Thumb Code    24  dma_stm32f10x.o(i.DMA1_Channel4_IRQHandler)
    DMA1_Channel5_Event                      0x080006dd   Thumb Code     2  dma_stm32f10x.o(i.DMA1_Channel5_Event)
    DMA1_Channel5_IRQHandler                 0x080006e1   Thumb Code    24  dma_stm32f10x.o(i.DMA1_Channel5_IRQHandler)
    DMA1_Channel6_Event                      0x080006fd   Thumb Code     2  dma_stm32f10x.o(i.DMA1_Channel6_Event)
    DMA1_Channel6_IRQHandler                 0x08000701   Thumb Code    24  dma_stm32f10x.o(i.DMA1_Channel6_IRQHandler)
    DMA1_Channel7_Event                      0x0800071d   Thumb Code     2  dma_stm32f10x.o(i.DMA1_Channel7_Event)
    DMA1_Channel7_IRQHandler                 0x08000721   Thumb Code    24  dma_stm32f10x.o(i.DMA1_Channel7_IRQHandler)
    DMA2_Channel1_Event                      0x0800073d   Thumb Code     2  dma_stm32f10x.o(i.DMA2_Channel1_Event)
    DMA2_Channel1_IRQHandler                 0x08000741   Thumb Code    24  dma_stm32f10x.o(i.DMA2_Channel1_IRQHandler)
    DMA2_Channel2_Event                      0x0800075d   Thumb Code     2  dma_stm32f10x.o(i.DMA2_Channel2_Event)
    DMA2_Channel2_IRQHandler                 0x08000761   Thumb Code    26  dma_stm32f10x.o(i.DMA2_Channel2_IRQHandler)
    DMA2_Channel3_Event                      0x08000781   Thumb Code     2  dma_stm32f10x.o(i.DMA2_Channel3_Event)
    DMA2_Channel3_IRQHandler                 0x08000785   Thumb Code    26  dma_stm32f10x.o(i.DMA2_Channel3_IRQHandler)
    DMA2_Channel5_Event                      0x080007a5   Thumb Code     2  dma_stm32f10x.o(i.DMA2_Channel5_Event)
    DMA2_Channel5_IRQHandler                 0x080007a9   Thumb Code    26  dma_stm32f10x.o(i.DMA2_Channel5_IRQHandler)
    GPIO_GetPortClockState                   0x080007c9   Thumb Code   118  gpio_stm32f10x.o(i.GPIO_GetPortClockState)
    GPIO_Init                                0x08000861   Thumb Code   278  stm32f10x_gpio.o(i.GPIO_Init)
    GPIO_PinConfigure                        0x08000977   Thumb Code   120  gpio_stm32f10x.o(i.GPIO_PinConfigure)
    GPIO_PortClock                           0x080009f1   Thumb Code   284  gpio_stm32f10x.o(i.GPIO_PortClock)
    GPIO_ReadInputDataBit                    0x08000b2d   Thumb Code    18  stm32f10x_gpio.o(i.GPIO_ReadInputDataBit)
    GPIO_ResetBits                           0x08000b3f   Thumb Code     4  stm32f10x_gpio.o(i.GPIO_ResetBits)
    GPIO_SetBits                             0x08000b43   Thumb Code     4  stm32f10x_gpio.o(i.GPIO_SetBits)
    I2C_DRIVER_Init_GPIO                     0x08000b89   Thumb Code    60  i2c_driver.o(i.I2C_DRIVER_Init_GPIO)
    I2C_DRIVER_Read_Byte                     0x08000c09   Thumb Code    92  i2c_driver.o(i.I2C_DRIVER_Read_Byte)
    I2C_DRIVER_Read_Bytes                    0x08000c69   Thumb Code   102  i2c_driver.o(i.I2C_DRIVER_Read_Bytes)
    I2C_DRIVER_Send_Byte                     0x08000d15   Thumb Code   100  i2c_driver.o(i.I2C_DRIVER_Send_Byte)
    I2C_DRIVER_Write_Bytes                   0x08000e49   Thumb Code    68  i2c_driver.o(i.I2C_DRIVER_Write_Bytes)
    NVIC_Configuration                       0x08000e8d   Thumb Code    52  nvic.o(i.NVIC_Configuration)
    NVIC_Init                                0x08000ec1   Thumb Code   100  misc.o(i.NVIC_Init)
    NVIC_PriorityGroupConfig                 0x08000f31   Thumb Code    10  misc.o(i.NVIC_PriorityGroupConfig)
    NVIC_SetVectorTable                      0x08000f45   Thumb Code    12  misc.o(i.NVIC_SetVectorTable)
    RCC_APB2PeriphClockCmd                   0x08000f9d   Thumb Code    26  stm32f10x_rcc.o(i.RCC_APB2PeriphClockCmd)
    RCC_GetClocksFreq                        0x08000fbd   Thumb Code   374  stm32f10x_rcc.o(i.RCC_GetClocksFreq)
    SystemInit                               0x0800126d   Thumb Code    92  system_stm32f10x.o(i.SystemInit)
    TIM3_IRQHandler                          0x080012d9   Thumb Code    40  timer.o(i.TIM3_IRQHandler)
    TIM_ClearITPendingBit                    0x08001305   Thumb Code     6  stm32f10x_tim.o(i.TIM_ClearITPendingBit)
    TIM_GetITStatus                          0x0800130b   Thumb Code    34  stm32f10x_tim.o(i.TIM_GetITStatus)
    USART1_IRQHandler                        0x0800132d   Thumb Code    62  uart.o(i.USART1_IRQHandler)
    USART_ClearITPendingBit                  0x08001371   Thumb Code    30  stm32f10x_usart.o(i.USART_ClearITPendingBit)
    USART_Cmd                                0x0800138f   Thumb Code    24  stm32f10x_usart.o(i.USART_Cmd)
    USART_Configuration                      0x080013a9   Thumb Code   146  uart.o(i.USART_Configuration)
    USART_GetITStatus                        0x08001449   Thumb Code    84  stm32f10x_usart.o(i.USART_GetITStatus)
    USART_ITConfig                           0x0800149d   Thumb Code    74  stm32f10x_usart.o(i.USART_ITConfig)
    USART_Init                               0x080014e9   Thumb Code   210  stm32f10x_usart.o(i.USART_Init)
    delay_ms                                 0x08001625   Thumb Code    20  common.o(i.delay_ms)
    delay_us                                 0x08001639   Thumb Code   158  common.o(i.delay_us)
    floor                                    0x080016d9   Thumb Code   204  floor.o(i.floor)
    is_key_pressed                           0x080017b5   Thumb Code    26  key.o(i.is_key_pressed)
    key_init                                 0x080017d9   Thumb Code    60  key.o(i.key_init)
    main                                     0x0800181d   Thumb Code    98  main.o(i.main)
    mb_communication_data_push_t             0x080019dd   Thumb Code    16  mb_communication_protocol.o(i.mb_communication_data_push_t)
    mb_communication_init_t                  0x08001ab9   Thumb Code    12  mb_communication_protocol.o(i.mb_communication_init_t)
    mb_communication_package_add_bytes_t     0x08001ac9   Thumb Code    60  mb_communication_package.o(i.mb_communication_package_add_bytes_t)
    mb_communication_package_calculate_checksum_t 0x08001b05   Thumb Code    44  mb_communication_package.o(i.mb_communication_package_calculate_checksum_t)
    mb_communication_package_create_t        0x08001b31   Thumb Code    60  mb_communication_package.o(i.mb_communication_package_create_t)
    mb_communication_protocol_create_t       0x08001b6d   Thumb Code   144  mb_communication_protocol.o(i.mb_communication_protocol_create_t)
    mb_communication_register_callback_t     0x08001c21   Thumb Code     8  mb_communication_protocol.o(i.mb_communication_register_callback_t)
    motor_backward                           0x08001c2d   Thumb Code    84  motor.o(i.motor_backward)
    motor_forward                            0x08001c85   Thumb Code    84  motor.o(i.motor_forward)
    motor_stop                               0x08001cdd   Thumb Code    84  motor.o(i.motor_stop)
    pca9685_init                             0x08001d35   Thumb Code    14  pca9685_control.o(i.pca9685_init)
    pca9685_set_freq                         0x08001d49   Thumb Code   300  pca9685_control.o(i.pca9685_set_freq)
    pca9685_set_mk                           0x08001e85   Thumb Code   140  pca9685_control.o(i.pca9685_set_mk)
    protocol_check                           0x08001f21   Thumb Code    60  main.o(i.protocol_check)
    servo_init                               0x08001f5d   Thumb Code     8  servo.o(i.servo_init)
    set_servo                                0x08001f65   Thumb Code    24  servo.o(i.set_servo)
    sweep_motor_control                      0x08001f7d   Thumb Code   258  motor.o(i.sweep_motor_control)
    __aeabi_d2f                              0x08002085   Thumb Code     0  d2f.o(x$fpl$d2f)
    _d2f                                     0x08002085   Thumb Code    98  d2f.o(x$fpl$d2f)
    __aeabi_dadd                             0x080020e9   Thumb Code     0  daddsub_clz.o(x$fpl$dadd)
    _dadd                                    0x080020e9   Thumb Code   332  daddsub_clz.o(x$fpl$dadd)
    __fpl_dcmp_Inf                           0x08002239   Thumb Code    24  dcmpi.o(x$fpl$dcmpinf)
    __aeabi_ddiv                             0x08002251   Thumb Code     0  ddiv.o(x$fpl$ddiv)
    _ddiv                                    0x08002251   Thumb Code   552  ddiv.o(x$fpl$ddiv)
    __aeabi_d2iz                             0x08002501   Thumb Code     0  dfix.o(x$fpl$dfix)
    _dfix                                    0x08002501   Thumb Code    94  dfix.o(x$fpl$dfix)
    __aeabi_d2uiz                            0x08002561   Thumb Code     0  dfixu.o(x$fpl$dfixu)
    _dfixu                                   0x08002561   Thumb Code    90  dfixu.o(x$fpl$dfixu)
    __aeabi_i2d                              0x080025bb   Thumb Code     0  dflt_clz.o(x$fpl$dflt)
    _dflt                                    0x080025bb   Thumb Code    46  dflt_clz.o(x$fpl$dflt)
    __aeabi_cdcmple                          0x080025e9   Thumb Code     0  dleqf.o(x$fpl$dleqf)
    _dcmple                                  0x080025e9   Thumb Code   120  dleqf.o(x$fpl$dleqf)
    __fpl_dcmple_InfNaN                      0x0800264b   Thumb Code     0  dleqf.o(x$fpl$dleqf)
    __aeabi_dmul                             0x08002661   Thumb Code     0  dmul.o(x$fpl$dmul)
    _dmul                                    0x08002661   Thumb Code   332  dmul.o(x$fpl$dmul)
    __fpl_dnaninf                            0x080027b5   Thumb Code   156  dnaninf.o(x$fpl$dnaninf)
    __fpl_dretinf                            0x08002851   Thumb Code    12  dretinf.o(x$fpl$dretinf)
    __aeabi_cdrcmple                         0x0800285d   Thumb Code     0  drleqf.o(x$fpl$drleqf)
    _drcmple                                 0x0800285d   Thumb Code   108  drleqf.o(x$fpl$drleqf)
    __aeabi_drsub                            0x080028c9   Thumb Code     0  daddsub_clz.o(x$fpl$drsb)
    _drsb                                    0x080028c9   Thumb Code    22  daddsub_clz.o(x$fpl$drsb)
    __aeabi_dsub                             0x080028e1   Thumb Code     0  daddsub_clz.o(x$fpl$dsub)
    _dsub                                    0x080028e1   Thumb Code   464  daddsub_clz.o(x$fpl$dsub)
    __aeabi_f2d                              0x08002ab5   Thumb Code     0  f2d.o(x$fpl$f2d)
    _f2d                                     0x08002ab5   Thumb Code    86  f2d.o(x$fpl$f2d)
    __aeabi_fadd                             0x08002b0d   Thumb Code     0  faddsub_clz.o(x$fpl$fadd)
    _fadd                                    0x08002b0d   Thumb Code   196  faddsub_clz.o(x$fpl$fadd)
    __aeabi_fdiv                             0x08002bd1   Thumb Code     0  fdiv.o(x$fpl$fdiv)
    _fdiv                                    0x08002bd1   Thumb Code   384  fdiv.o(x$fpl$fdiv)
    __fpl_fnaninf                            0x08002d55   Thumb Code   140  fnaninf.o(x$fpl$fnaninf)
    __fpl_fretinf                            0x08002de1   Thumb Code    10  fretinf.o(x$fpl$fretinf)
    __aeabi_fsub                             0x08002ded   Thumb Code     0  faddsub_clz.o(x$fpl$fsub)
    _fsub                                    0x08002ded   Thumb Code   234  faddsub_clz.o(x$fpl$fsub)
    __I$use$fp                               0x08002ed6   Number         0  usenofp.o(x$fpl$usenofp)
    Region$$Table$$Base                      0x08002ed8   Number         0  anon$$obj.o(Region$$Table)
    Region$$Table$$Limit                     0x08002ef8   Number         0  anon$$obj.o(Region$$Table)
    key_io_map                               0x20000000   Data           4  key.o(.data)
    motor                                    0x20000004   Data         192  motor.o(.data)
    __libspace_start                         0x200000fc   Data          96  libspace.o(.bss)
    __temporary_stack_top$libspace           0x2000015c   Data           0  libspace.o(.bss)



==============================================================================

Memory Map of the image

  Image Entry point : 0x08000151

  Load Region LR_IROM1 (Base: 0x08000000, Size: 0x00002fd4, Max: 0x00040000, ABSOLUTE)

    Execution Region ER_IROM1 (Exec base: 0x08000000, Load base: 0x08000000, Size: 0x00002ef8, Max: 0x00040000, ABSOLUTE)

    Exec Addr    Load Addr    Size         Type   Attr      Idx    E Section Name        Object

    0x08000000   0x08000000   0x00000150   Data   RO         2160    RESET               startup_stm32f10x_cl.o
    0x08000150   0x08000150   0x00000008   Code   RO         2283  * !!!main             c_w.l(__main.o)
    0x08000158   0x08000158   0x00000034   Code   RO         2545    !!!scatter          c_w.l(__scatter.o)
    0x0800018c   0x0800018c   0x0000001a   Code   RO         2547    !!handler_copy      c_w.l(__scatter_copy.o)
    0x080001a6   0x080001a6   0x00000002   PAD
    0x080001a8   0x080001a8   0x0000001c   Code   RO         2549    !!handler_zi        c_w.l(__scatter_zi.o)
    0x080001c4   0x080001c4   0x00000002   Code   RO         2482    .ARM.Collect$$libinit$$00000000  c_w.l(libinit.o)
    0x080001c6   0x080001c6   0x00000000   Code   RO         2362    .ARM.Collect$$libinit$$00000002  c_w.l(libinit2.o)
    0x080001c6   0x080001c6   0x00000000   Code   RO         2364    .ARM.Collect$$libinit$$00000004  c_w.l(libinit2.o)
    0x080001c6   0x080001c6   0x00000008   Code   RO         2365    .ARM.Collect$$libinit$$00000005  c_w.l(libinit2.o)
    0x080001ce   0x080001ce   0x00000000   Code   RO         2367    .ARM.Collect$$libinit$$0000000A  c_w.l(libinit2.o)
    0x080001ce   0x080001ce   0x00000000   Code   RO         2369    .ARM.Collect$$libinit$$0000000C  c_w.l(libinit2.o)
    0x080001ce   0x080001ce   0x00000000   Code   RO         2371    .ARM.Collect$$libinit$$0000000E  c_w.l(libinit2.o)
    0x080001ce   0x080001ce   0x00000000   Code   RO         2374    .ARM.Collect$$libinit$$00000011  c_w.l(libinit2.o)
    0x080001ce   0x080001ce   0x00000000   Code   RO         2376    .ARM.Collect$$libinit$$00000013  c_w.l(libinit2.o)
    0x080001ce   0x080001ce   0x00000000   Code   RO         2378    .ARM.Collect$$libinit$$00000015  c_w.l(libinit2.o)
    0x080001ce   0x080001ce   0x00000000   Code   RO         2380    .ARM.Collect$$libinit$$00000017  c_w.l(libinit2.o)
    0x080001ce   0x080001ce   0x00000000   Code   RO         2382    .ARM.Collect$$libinit$$00000019  c_w.l(libinit2.o)
    0x080001ce   0x080001ce   0x00000000   Code   RO         2384    .ARM.Collect$$libinit$$0000001B  c_w.l(libinit2.o)
    0x080001ce   0x080001ce   0x00000000   Code   RO         2386    .ARM.Collect$$libinit$$0000001D  c_w.l(libinit2.o)
    0x080001ce   0x080001ce   0x00000000   Code   RO         2388    .ARM.Collect$$libinit$$0000001F  c_w.l(libinit2.o)
    0x080001ce   0x080001ce   0x00000000   Code   RO         2390    .ARM.Collect$$libinit$$00000021  c_w.l(libinit2.o)
    0x080001ce   0x080001ce   0x00000000   Code   RO         2392    .ARM.Collect$$libinit$$00000023  c_w.l(libinit2.o)
    0x080001ce   0x080001ce   0x00000000   Code   RO         2394    .ARM.Collect$$libinit$$00000025  c_w.l(libinit2.o)
    0x080001ce   0x080001ce   0x00000000   Code   RO         2398    .ARM.Collect$$libinit$$0000002C  c_w.l(libinit2.o)
    0x080001ce   0x080001ce   0x00000000   Code   RO         2400    .ARM.Collect$$libinit$$0000002E  c_w.l(libinit2.o)
    0x080001ce   0x080001ce   0x00000000   Code   RO         2402    .ARM.Collect$$libinit$$00000030  c_w.l(libinit2.o)
    0x080001ce   0x080001ce   0x00000000   Code   RO         2404    .ARM.Collect$$libinit$$00000032  c_w.l(libinit2.o)
    0x080001ce   0x080001ce   0x00000002   Code   RO         2405    .ARM.Collect$$libinit$$00000033  c_w.l(libinit2.o)
    0x080001d0   0x080001d0   0x00000002   Code   RO         2542    .ARM.Collect$$libshutdown$$00000000  c_w.l(libshutdown.o)
    0x080001d2   0x080001d2   0x00000000   Code   RO         2498    .ARM.Collect$$libshutdown$$00000002  c_w.l(libshutdown2.o)
    0x080001d2   0x080001d2   0x00000000   Code   RO         2500    .ARM.Collect$$libshutdown$$00000004  c_w.l(libshutdown2.o)
    0x080001d2   0x080001d2   0x00000000   Code   RO         2503    .ARM.Collect$$libshutdown$$00000007  c_w.l(libshutdown2.o)
    0x080001d2   0x080001d2   0x00000000   Code   RO         2506    .ARM.Collect$$libshutdown$$0000000A  c_w.l(libshutdown2.o)
    0x080001d2   0x080001d2   0x00000000   Code   RO         2508    .ARM.Collect$$libshutdown$$0000000C  c_w.l(libshutdown2.o)
    0x080001d2   0x080001d2   0x00000000   Code   RO         2511    .ARM.Collect$$libshutdown$$0000000F  c_w.l(libshutdown2.o)
    0x080001d2   0x080001d2   0x00000002   Code   RO         2512    .ARM.Collect$$libshutdown$$00000010  c_w.l(libshutdown2.o)
    0x080001d4   0x080001d4   0x00000000   Code   RO         2331    .ARM.Collect$$rtentry$$00000000  c_w.l(__rtentry.o)
    0x080001d4   0x080001d4   0x00000000   Code   RO         2423    .ARM.Collect$$rtentry$$00000002  c_w.l(__rtentry2.o)
    0x080001d4   0x080001d4   0x00000006   Code   RO         2435    .ARM.Collect$$rtentry$$00000004  c_w.l(__rtentry4.o)
    0x080001da   0x080001da   0x00000000   Code   RO         2425    .ARM.Collect$$rtentry$$00000009  c_w.l(__rtentry2.o)
    0x080001da   0x080001da   0x00000004   Code   RO         2426    .ARM.Collect$$rtentry$$0000000A  c_w.l(__rtentry2.o)
    0x080001de   0x080001de   0x00000000   Code   RO         2428    .ARM.Collect$$rtentry$$0000000C  c_w.l(__rtentry2.o)
    0x080001de   0x080001de   0x00000008   Code   RO         2429    .ARM.Collect$$rtentry$$0000000D  c_w.l(__rtentry2.o)
    0x080001e6   0x080001e6   0x00000002   Code   RO         2487    .ARM.Collect$$rtexit$$00000000  c_w.l(rtexit.o)
    0x080001e8   0x080001e8   0x00000000   Code   RO         2516    .ARM.Collect$$rtexit$$00000002  c_w.l(rtexit2.o)
    0x080001e8   0x080001e8   0x00000004   Code   RO         2517    .ARM.Collect$$rtexit$$00000003  c_w.l(rtexit2.o)
    0x080001ec   0x080001ec   0x00000006   Code   RO         2518    .ARM.Collect$$rtexit$$00000004  c_w.l(rtexit2.o)
    0x080001f2   0x080001f2   0x00000002   PAD
    0x080001f4   0x080001f4   0x00000000   Code   RO         2439    .emb_text           c_w.l(maybetermalloc1.o)
    0x080001f4   0x080001f4   0x00000040   Code   RO         2161    .text               startup_stm32f10x_cl.o
    0x08000234   0x08000234   0x0000005e   Code   RO         2217    .text               c_w.l(h1_alloc.o)
    0x08000292   0x08000292   0x0000004e   Code   RO         2219    .text               c_w.l(h1_free.o)
    0x080002e0   0x080002e0   0x0000008a   Code   RO         2275    .text               c_w.l(rt_memcpy_v6.o)
    0x0800036a   0x0800036a   0x00000044   Code   RO         2277    .text               c_w.l(rt_memclr.o)
    0x080003ae   0x080003ae   0x0000004e   Code   RO         2279    .text               c_w.l(rt_memclr_w.o)
    0x080003fc   0x080003fc   0x00000006   Code   RO         2281    .text               c_w.l(heapauxi.o)
    0x08000402   0x08000402   0x00000002   PAD
    0x08000404   0x08000404   0x00000008   Code   RO         2335    .text               c_w.l(rt_heap_descriptor_intlibspace.o)
    0x0800040c   0x0800040c   0x00000004   Code   RO         2337    .text               c_w.l(hguard.o)
    0x08000410   0x08000410   0x0000008a   Code   RO         2339    .text               c_w.l(init_alloc.o)
    0x0800049a   0x0800049a   0x0000000e   Code   RO         2343    .text               c_w.l(h1_init.o)
    0x080004a8   0x080004a8   0x00000064   Code   RO         2357    .text               c_w.l(rt_memcpy_w.o)
    0x0800050c   0x0800050c   0x00000008   Code   RO         2419    .text               c_w.l(libspace.o)
    0x08000514   0x08000514   0x00000034   Code   RO         2441    .text               c_w.l(h1_extend.o)
    0x08000548   0x08000548   0x0000000e   Code   RO         2445    .text               c_w.l(defsig_rtmem_outer.o)
    0x08000556   0x08000556   0x00000002   Code   RO         2458    .text               c_w.l(use_no_semi.o)
    0x08000558   0x08000558   0x00000000   Code   RO         2460    .text               c_w.l(indicate_semi.o)
    0x08000558   0x08000558   0x0000004a   Code   RO         2461    .text               c_w.l(sys_stackheap_outer.o)
    0x080005a2   0x080005a2   0x00000012   Code   RO         2467    .text               c_w.l(exit.o)
    0x080005b4   0x080005b4   0x0000000a   Code   RO         2469    .text               c_w.l(defsig_exit.o)
    0x080005be   0x080005be   0x00000002   PAD
    0x080005c0   0x080005c0   0x00000050   Code   RO         2471    .text               c_w.l(defsig_rtmem_inner.o)
    0x08000610   0x08000610   0x0000000c   Code   RO         2485    .text               c_w.l(sys_exit.o)
    0x0800061c   0x0800061c   0x00000032   Code   RO         2495    .text               c_w.l(defsig_general.o)
    0x0800064e   0x0800064e   0x0000000e   Code   RO         2513    .text               c_w.l(sys_wrch.o)
    0x0800065c   0x0800065c   0x00000002   Code   RO         1915    i.DMA1_Channel1_Event  dma_stm32f10x.o
    0x0800065e   0x0800065e   0x00000002   PAD
    0x08000660   0x08000660   0x0000001c   Code   RO         1916    i.DMA1_Channel1_IRQHandler  dma_stm32f10x.o
    0x0800067c   0x0800067c   0x00000002   Code   RO         1917    i.DMA1_Channel2_Event  dma_stm32f10x.o
    0x0800067e   0x0800067e   0x00000002   PAD
    0x08000680   0x08000680   0x0000001c   Code   RO         1918    i.DMA1_Channel2_IRQHandler  dma_stm32f10x.o
    0x0800069c   0x0800069c   0x00000002   Code   RO         1919    i.DMA1_Channel3_Event  dma_stm32f10x.o
    0x0800069e   0x0800069e   0x00000002   PAD
    0x080006a0   0x080006a0   0x0000001c   Code   RO         1920    i.DMA1_Channel3_IRQHandler  dma_stm32f10x.o
    0x080006bc   0x080006bc   0x00000002   Code   RO         1921    i.DMA1_Channel4_Event  dma_stm32f10x.o
    0x080006be   0x080006be   0x00000002   PAD
    0x080006c0   0x080006c0   0x0000001c   Code   RO         1922    i.DMA1_Channel4_IRQHandler  dma_stm32f10x.o
    0x080006dc   0x080006dc   0x00000002   Code   RO         1923    i.DMA1_Channel5_Event  dma_stm32f10x.o
    0x080006de   0x080006de   0x00000002   PAD
    0x080006e0   0x080006e0   0x0000001c   Code   RO         1924    i.DMA1_Channel5_IRQHandler  dma_stm32f10x.o
    0x080006fc   0x080006fc   0x00000002   Code   RO         1925    i.DMA1_Channel6_Event  dma_stm32f10x.o
    0x080006fe   0x080006fe   0x00000002   PAD
    0x08000700   0x08000700   0x0000001c   Code   RO         1926    i.DMA1_Channel6_IRQHandler  dma_stm32f10x.o
    0x0800071c   0x0800071c   0x00000002   Code   RO         1927    i.DMA1_Channel7_Event  dma_stm32f10x.o
    0x0800071e   0x0800071e   0x00000002   PAD
    0x08000720   0x08000720   0x0000001c   Code   RO         1928    i.DMA1_Channel7_IRQHandler  dma_stm32f10x.o
    0x0800073c   0x0800073c   0x00000002   Code   RO         1929    i.DMA2_Channel1_Event  dma_stm32f10x.o
    0x0800073e   0x0800073e   0x00000002   PAD
    0x08000740   0x08000740   0x0000001c   Code   RO         1930    i.DMA2_Channel1_IRQHandler  dma_stm32f10x.o
    0x0800075c   0x0800075c   0x00000002   Code   RO         1931    i.DMA2_Channel2_Event  dma_stm32f10x.o
    0x0800075e   0x0800075e   0x00000002   PAD
    0x08000760   0x08000760   0x00000020   Code   RO         1932    i.DMA2_Channel2_IRQHandler  dma_stm32f10x.o
    0x08000780   0x08000780   0x00000002   Code   RO         1933    i.DMA2_Channel3_Event  dma_stm32f10x.o
    0x08000782   0x08000782   0x00000002   PAD
    0x08000784   0x08000784   0x00000020   Code   RO         1934    i.DMA2_Channel3_IRQHandler  dma_stm32f10x.o
    0x080007a4   0x080007a4   0x00000002   Code   RO         1937    i.DMA2_Channel5_Event  dma_stm32f10x.o
    0x080007a6   0x080007a6   0x00000002   PAD
    0x080007a8   0x080007a8   0x00000020   Code   RO         1938    i.DMA2_Channel5_IRQHandler  dma_stm32f10x.o
    0x080007c8   0x080007c8   0x00000098   Code   RO         2120    i.GPIO_GetPortClockState  gpio_stm32f10x.o
    0x08000860   0x08000860   0x00000116   Code   RO          777    i.GPIO_Init         stm32f10x_gpio.o
    0x08000976   0x08000976   0x00000078   Code   RO         2121    i.GPIO_PinConfigure  gpio_stm32f10x.o
    0x080009ee   0x080009ee   0x00000002   PAD
    0x080009f0   0x080009f0   0x0000013c   Code   RO         2122    i.GPIO_PortClock    gpio_stm32f10x.o
    0x08000b2c   0x08000b2c   0x00000012   Code   RO          781    i.GPIO_ReadInputDataBit  stm32f10x_gpio.o
    0x08000b3e   0x08000b3e   0x00000004   Code   RO          784    i.GPIO_ResetBits    stm32f10x_gpio.o
    0x08000b42   0x08000b42   0x00000004   Code   RO          785    i.GPIO_SetBits      stm32f10x_gpio.o
    0x08000b46   0x08000b46   0x00000002   PAD
    0x08000b48   0x08000b48   0x00000040   Code   RO          562    i.I2C_DRIVER_Ack    i2c_driver.o
    0x08000b88   0x08000b88   0x00000040   Code   RO          563    i.I2C_DRIVER_Init_GPIO  i2c_driver.o
    0x08000bc8   0x08000bc8   0x00000040   Code   RO          564    i.I2C_DRIVER_NAck   i2c_driver.o
    0x08000c08   0x08000c08   0x00000060   Code   RO          566    i.I2C_DRIVER_Read_Byte  i2c_driver.o
    0x08000c68   0x08000c68   0x00000066   Code   RO          567    i.I2C_DRIVER_Read_Bytes  i2c_driver.o
    0x08000cce   0x08000cce   0x00000002   PAD
    0x08000cd0   0x08000cd0   0x00000020   Code   RO          568    i.I2C_DRIVER_SDA_IN  i2c_driver.o
    0x08000cf0   0x08000cf0   0x00000024   Code   RO          569    i.I2C_DRIVER_SDA_OUT  i2c_driver.o
    0x08000d14   0x08000d14   0x00000068   Code   RO          570    i.I2C_DRIVER_Send_Byte  i2c_driver.o
    0x08000d7c   0x08000d7c   0x00000040   Code   RO          571    i.I2C_DRIVER_Start  i2c_driver.o
    0x08000dbc   0x08000dbc   0x00000040   Code   RO          572    i.I2C_DRIVER_Stop   i2c_driver.o
    0x08000dfc   0x08000dfc   0x0000004c   Code   RO          573    i.I2C_DRIVER_Wait_Ack  i2c_driver.o
    0x08000e48   0x08000e48   0x00000044   Code   RO          574    i.I2C_DRIVER_Write_Bytes  i2c_driver.o
    0x08000e8c   0x08000e8c   0x00000034   Code   RO          115    i.NVIC_Configuration  nvic.o
    0x08000ec0   0x08000ec0   0x00000070   Code   RO          723    i.NVIC_Init         misc.o
    0x08000f30   0x08000f30   0x00000014   Code   RO          724    i.NVIC_PriorityGroupConfig  misc.o
    0x08000f44   0x08000f44   0x00000014   Code   RO          725    i.NVIC_SetVectorTable  misc.o
    0x08000f58   0x08000f58   0x0000001c   Code   RO          657    i.PCA9685_read      pca9685_control.o
    0x08000f74   0x08000f74   0x00000014   Code   RO          659    i.PCA9685_write     pca9685_control.o
    0x08000f88   0x08000f88   0x00000014   Code   RO          660    i.PCA9685_write_reg16  pca9685_control.o
    0x08000f9c   0x08000f9c   0x00000020   Code   RO          902    i.RCC_APB2PeriphClockCmd  stm32f10x_rcc.o
    0x08000fbc   0x08000fbc   0x00000190   Code   RO          910    i.RCC_GetClocksFreq  stm32f10x_rcc.o
    0x0800114c   0x0800114c   0x00000008   Code   RO         2168    i.SetSysClock       system_stm32f10x.o
    0x08001154   0x08001154   0x00000118   Code   RO         2169    i.SetSysClockTo72   system_stm32f10x.o
    0x0800126c   0x0800126c   0x0000006c   Code   RO         2171    i.SystemInit        system_stm32f10x.o
    0x080012d8   0x080012d8   0x0000002c   Code   RO          145    i.TIM3_IRQHandler   timer.o
    0x08001304   0x08001304   0x00000006   Code   RO         1174    i.TIM_ClearITPendingBit  stm32f10x_tim.o
    0x0800130a   0x0800130a   0x00000022   Code   RO         1200    i.TIM_GetITStatus   stm32f10x_tim.o
    0x0800132c   0x0800132c   0x00000044   Code   RO          322    i.USART1_IRQHandler  uart.o
    0x08001370   0x08001370   0x0000001e   Code   RO         1724    i.USART_ClearITPendingBit  stm32f10x_usart.o
    0x0800138e   0x0800138e   0x00000018   Code   RO         1727    i.USART_Cmd         stm32f10x_usart.o
    0x080013a6   0x080013a6   0x00000002   PAD
    0x080013a8   0x080013a8   0x000000a0   Code   RO          323    i.USART_Configuration  uart.o
    0x08001448   0x08001448   0x00000054   Code   RO         1731    i.USART_GetITStatus  stm32f10x_usart.o
    0x0800149c   0x0800149c   0x0000004a   Code   RO         1733    i.USART_ITConfig    stm32f10x_usart.o
    0x080014e6   0x080014e6   0x00000002   PAD
    0x080014e8   0x080014e8   0x000000d8   Code   RO         1734    i.USART_Init        stm32f10x_usart.o
    0x080015c0   0x080015c0   0x00000064   Code   RO          379    i.calculate_t_from_angle  servo.o
    0x08001624   0x08001624   0x00000014   Code   RO          352    i.delay_ms          common.o
    0x08001638   0x08001638   0x0000009e   Code   RO          353    i.delay_us          common.o
    0x080016d6   0x080016d6   0x00000002   PAD
    0x080016d8   0x080016d8   0x000000dc   Code   RO         2326    i.floor             m_ws.l(floor.o)
    0x080017b4   0x080017b4   0x00000024   Code   RO          208    i.is_key_pressed    key.o
    0x080017d8   0x080017d8   0x00000044   Code   RO          209    i.key_init          key.o
    0x0800181c   0x0800181c   0x00000068   Code   RO            4    i.main              main.o
    0x08001884   0x08001884   0x00000158   Code   RO          405    i.mb_communication_common_protocol_package_push_chars_t  mb_communication_protocol.o
    0x080019dc   0x080019dc   0x00000014   Code   RO          406    i.mb_communication_data_push_t  mb_communication_protocol.o
    0x080019f0   0x080019f0   0x000000c8   Code   RO          407    i.mb_communication_ff55_protocol_package_push_chars_t  mb_communication_protocol.o
    0x08001ab8   0x08001ab8   0x00000010   Code   RO          408    i.mb_communication_init_t  mb_communication_protocol.o
    0x08001ac8   0x08001ac8   0x0000003c   Code   RO          478    i.mb_communication_package_add_bytes_t  mb_communication_package.o
    0x08001b04   0x08001b04   0x0000002c   Code   RO          480    i.mb_communication_package_calculate_checksum_t  mb_communication_package.o
    0x08001b30   0x08001b30   0x0000003c   Code   RO          481    i.mb_communication_package_create_t  mb_communication_package.o
    0x08001b6c   0x08001b6c   0x00000094   Code   RO          410    i.mb_communication_protocol_create_t  mb_communication_protocol.o
    0x08001c00   0x08001c00   0x00000020   Code   RO          411    i.mb_communication_protocol_set_default_t  mb_communication_protocol.o
    0x08001c20   0x08001c20   0x0000000c   Code   RO          412    i.mb_communication_register_callback_t  mb_communication_protocol.o
    0x08001c2c   0x08001c2c   0x00000058   Code   RO          251    i.motor_backward    motor.o
    0x08001c84   0x08001c84   0x00000058   Code   RO          255    i.motor_forward     motor.o
    0x08001cdc   0x08001cdc   0x00000058   Code   RO          256    i.motor_stop        motor.o
    0x08001d34   0x08001d34   0x00000014   Code   RO          661    i.pca9685_init      pca9685_control.o
    0x08001d48   0x08001d48   0x0000013c   Code   RO          662    i.pca9685_set_freq  pca9685_control.o
    0x08001e84   0x08001e84   0x0000009c   Code   RO          663    i.pca9685_set_mk    pca9685_control.o
    0x08001f20   0x08001f20   0x0000003c   Code   RO            5    i.protocol_check    main.o
    0x08001f5c   0x08001f5c   0x00000008   Code   RO          380    i.servo_init        servo.o
    0x08001f64   0x08001f64   0x00000018   Code   RO          381    i.set_servo         servo.o
    0x08001f7c   0x08001f7c   0x00000108   Code   RO          257    i.sweep_motor_control  motor.o
    0x08002084   0x08002084   0x00000062   Code   RO         2285    x$fpl$d2f           fz_ws.l(d2f.o)
    0x080020e6   0x080020e6   0x00000002   PAD
    0x080020e8   0x080020e8   0x00000150   Code   RO         2287    x$fpl$dadd          fz_ws.l(daddsub_clz.o)
    0x08002238   0x08002238   0x00000018   Code   RO         2483    x$fpl$dcmpinf       fz_ws.l(dcmpi.o)
    0x08002250   0x08002250   0x000002b0   Code   RO         2294    x$fpl$ddiv          fz_ws.l(ddiv.o)
    0x08002500   0x08002500   0x0000005e   Code   RO         2297    x$fpl$dfix          fz_ws.l(dfix.o)
    0x0800255e   0x0800255e   0x00000002   PAD
    0x08002560   0x08002560   0x0000005a   Code   RO         2301    x$fpl$dfixu         fz_ws.l(dfixu.o)
    0x080025ba   0x080025ba   0x0000002e   Code   RO         2306    x$fpl$dflt          fz_ws.l(dflt_clz.o)
    0x080025e8   0x080025e8   0x00000078   Code   RO         2454    x$fpl$dleqf         fz_ws.l(dleqf.o)
    0x08002660   0x08002660   0x00000154   Code   RO         2311    x$fpl$dmul          fz_ws.l(dmul.o)
    0x080027b4   0x080027b4   0x0000009c   Code   RO         2406    x$fpl$dnaninf       fz_ws.l(dnaninf.o)
    0x08002850   0x08002850   0x0000000c   Code   RO         2408    x$fpl$dretinf       fz_ws.l(dretinf.o)
    0x0800285c   0x0800285c   0x0000006c   Code   RO         2410    x$fpl$drleqf        fz_ws.l(drleqf.o)
    0x080028c8   0x080028c8   0x00000016   Code   RO         2288    x$fpl$drsb          fz_ws.l(daddsub_clz.o)
    0x080028de   0x080028de   0x00000002   PAD
    0x080028e0   0x080028e0   0x000001d4   Code   RO         2289    x$fpl$dsub          fz_ws.l(daddsub_clz.o)
    0x08002ab4   0x08002ab4   0x00000056   Code   RO         2313    x$fpl$f2d           fz_ws.l(f2d.o)
    0x08002b0a   0x08002b0a   0x00000002   PAD
    0x08002b0c   0x08002b0c   0x000000c4   Code   RO         2315    x$fpl$fadd          fz_ws.l(faddsub_clz.o)
    0x08002bd0   0x08002bd0   0x00000184   Code   RO         2322    x$fpl$fdiv          fz_ws.l(fdiv.o)
    0x08002d54   0x08002d54   0x0000008c   Code   RO         2412    x$fpl$fnaninf       fz_ws.l(fnaninf.o)
    0x08002de0   0x08002de0   0x0000000a   Code   RO         2414    x$fpl$fretinf       fz_ws.l(fretinf.o)
    0x08002dea   0x08002dea   0x00000002   PAD
    0x08002dec   0x08002dec   0x000000ea   Code   RO         2317    x$fpl$fsub          fz_ws.l(faddsub_clz.o)
    0x08002ed6   0x08002ed6   0x00000000   Code   RO         2416    x$fpl$usenofp       fz_ws.l(usenofp.o)
    0x08002ed6   0x08002ed6   0x00000002   PAD
    0x08002ed8   0x08002ed8   0x00000020   Data   RO         2543    Region$$Table       anon$$obj.o


    Execution Region RW_IRAM1 (Exec base: 0x20000000, Load base: 0x08002ef8, Size: 0x00000760, Max: 0x00010000, ABSOLUTE)

    Exec Addr    Load Addr    Size         Type   Attr      Idx    E Section Name        Object

    0x20000000   0x08002ef8   0x00000004   Data   RW          211    .data               key.o
    0x20000004   0x08002efc   0x000000c0   Data   RW          258    .data               motor.o
    0x200000c4   0x08002fbc   0x00000004   Data   RW          414    .data               mb_communication_protocol.o
    0x200000c8   0x08002fc0   0x00000014   Data   RW          938    .data               stm32f10x_rcc.o
    0x200000dc        -       0x00000020   Zero   RW          413    .bss                mb_communication_protocol.o
    0x200000fc        -       0x00000060   Zero   RW         2420    .bss                c_w.l(libspace.o)
    0x2000015c   0x08002fd4   0x00000004   PAD
    0x20000160        -       0x00000200   Zero   RW         2159    HEAP                startup_stm32f10x_cl.o
    0x20000360        -       0x00000400   Zero   RW         2158    STACK               startup_stm32f10x_cl.o


==============================================================================

Image component sizes


      Code (inc. data)   RO Data    RW Data    ZI Data      Debug   Object Name

       178          0          0          0          0       1082   common.o
       342         52          0          0          0      11407   dma_stm32f10x.o
       588         66          0          0          0       2674   gpio_stm32f10x.o
       834         44          0          0          0       6686   i2c_driver.o
       104         18          0          4          0       4705   key.o
       164          6          0          0          0     279148   main.o
       164          0          0          0          0       3211   mb_communication_package.o
       772         36          0          4         32       8429   mb_communication_protocol.o
       152         30          0          0          0       2261   misc.o
       528         18          0        192          0       6776   motor.o
        52          0          0          0          0        445   nvic.o
       560         38          0          0          0       3759   pca9685_control.o
       132         10          0          0          0       1369   servo.o
        64         26        336          0       1536        796   startup_stm32f10x_cl.o
       304          0          0          0          0       3876   stm32f10x_gpio.o
       432         32          0         20          0       4797   stm32f10x_rcc.o
        40          0          0          0          0       1902   stm32f10x_tim.o
       428          6          0          0          0       5336   stm32f10x_usart.o
       396         32          0          0          0       1933   system_stm32f10x.o
        44          4          0          0          0        462   timer.o
       228         20          0          0          0       1014   uart.o

    ----------------------------------------------------------------------
      6540        438        368        220       1568     352068   Object Totals
         0          0         32          0          0          0   (incl. Generated)
        34          0          0          0          0          0   (incl. Padding)

    ----------------------------------------------------------------------

      Code (inc. data)   RO Data    RW Data    ZI Data      Debug   Library Member Name

         8          0          0          0          0         68   __main.o
         0          0          0          0          0          0   __rtentry.o
        12          0          0          0          0          0   __rtentry2.o
         6          0          0          0          0          0   __rtentry4.o
        52          8          0          0          0          0   __scatter.o
        26          0          0          0          0          0   __scatter_copy.o
        28          0          0          0          0          0   __scatter_zi.o
        10          0          0          0          0         68   defsig_exit.o
        50          0          0          0          0         88   defsig_general.o
        80         58          0          0          0         76   defsig_rtmem_inner.o
        14          0          0          0          0         80   defsig_rtmem_outer.o
        18          0          0          0          0         80   exit.o
        94          0          0          0          0         80   h1_alloc.o
        52          0          0          0          0         68   h1_extend.o
        78          0          0          0          0         80   h1_free.o
        14          0          0          0          0         84   h1_init.o
         6          0          0          0          0        152   heapauxi.o
         4          0          0          0          0        136   hguard.o
         0          0          0          0          0          0   indicate_semi.o
       138          0          0          0          0        168   init_alloc.o
         2          0          0          0          0          0   libinit.o
        10          0          0          0          0          0   libinit2.o
         2          0          0          0          0          0   libshutdown.o
         2          0          0          0          0          0   libshutdown2.o
         8          4          0          0         96         68   libspace.o
         0          0          0          0          0          0   maybetermalloc1.o
         8          4          0          0          0         68   rt_heap_descriptor_intlibspace.o
        68          0          0          0          0         68   rt_memclr.o
        78          0          0          0          0         80   rt_memclr_w.o
       138          0          0          0          0         68   rt_memcpy_v6.o
       100          0          0          0          0         80   rt_memcpy_w.o
         2          0          0          0          0          0   rtexit.o
        10          0          0          0          0          0   rtexit2.o
        12          4          0          0          0         68   sys_exit.o
        74          0          0          0          0         80   sys_stackheap_outer.o
        14          0          0          0          0         76   sys_wrch.o
         2          0          0          0          0         68   use_no_semi.o
        98          4          0          0          0         92   d2f.o
       826         16          0          0          0        348   daddsub_clz.o
        24          0          0          0          0         68   dcmpi.o
       688        140          0          0          0        208   ddiv.o
        94          4          0          0          0         92   dfix.o
        90          4          0          0          0         92   dfixu.o
        46          0          0          0          0         68   dflt_clz.o
       120          4          0          0          0         92   dleqf.o
       340         12          0          0          0        104   dmul.o
       156          4          0          0          0         92   dnaninf.o
        12          0          0          0          0         68   dretinf.o
       108          0          0          0          0         80   drleqf.o
        86          4          0          0          0         84   f2d.o
       430          8          0          0          0        168   faddsub_clz.o
       388         76          0          0          0         96   fdiv.o
       140          4          0          0          0         84   fnaninf.o
        10          0          0          0          0         68   fretinf.o
         0          0          0          0          0          0   usenofp.o
       220         16          0          0          0         84   floor.o

    ----------------------------------------------------------------------
      5116        374          0          0        100       3940   Library Totals
        20          0          0          0          4          0   (incl. Padding)

    ----------------------------------------------------------------------

      Code (inc. data)   RO Data    RW Data    ZI Data      Debug   Library Name

      1220         78          0          0         96       1952   c_w.l
      3656        280          0          0          0       1904   fz_ws.l
       220         16          0          0          0         84   m_ws.l

    ----------------------------------------------------------------------
      5116        374          0          0        100       3940   Library Totals

    ----------------------------------------------------------------------

==============================================================================


      Code (inc. data)   RO Data    RW Data    ZI Data      Debug   

     11656        812        368        220       1668     349400   Grand Totals
     11656        812        368        220       1668     349400   ELF Image Totals
     11656        812        368        220          0          0   ROM Totals

==============================================================================

    Total RO  Size (Code + RO Data)                12024 (  11.74kB)
    Total RW  Size (RW Data + ZI Data)              1888 (   1.84kB)
    Total ROM Size (Code + RO Data + RW Data)      12244 (  11.96kB)

==============================================================================

